  refMA ES/RTH/1day done
  refMA NQ/GLOBEX/1day done
  refMA NQ/RTH/1day done
  refMA ES/GLOBEX/1day done
  refMA NQ/RTH/30min done
  refMA ES/RTH/1h done
  refMA NQ/RTH/1h done
  refMA ES/RTH/30min done

=== PHASE 1: A2 lag alignment ===
root   geom horizon   sample     n  mis_A1  mis_A2_s16  mis_A2_phase_matched  best_lag  mis_A2_best_lag  gap_s16_pp  gap_phase_matched_pp  gap_best_lag_pp  p_vs_chance  distinguishable_from_chance
  ES GLOBEX    1day insample  1509 0.02644     0.07886               0.01590         2          0.04440     5.24226              -1.05330          1.79627      0.00000                         True
  ES GLOBEX    1day  holdout   641 0.01248     0.11856               0.01404         2          0.07199    10.60842               0.15601          5.95070      0.00000                         True
  NQ GLOBEX    1day insample  1504 0.02122     0.08843               0.02394         2          0.05519     6.72107               0.27160          3.39660      0.00000                         True
  NQ GLOBEX    1day  holdout   641 0.03276     0.15133               0.04680         2          0.12363    11.85647               1.40406          9.08694      0.00000                         True
  ES    RTH    1day insample  1457 0.03559     0.08991               0.02883         2          0.05422     5.43187              -0.67657          1.86289      0.00000                         True
  ES    RTH    1day  holdout   621 0.02254     0.11594               0.04026         2          0.07431     9.33977               1.77134          5.17691      0.00000                         True
  NQ    RTH    1day insample  1457 0.03491     0.10707               0.04667         2          0.07687     7.21617               1.17636          4.19627      0.00000                         True
  NQ    RTH    1day  holdout   621 0.05636     0.12399               0.02576         2          0.08885     6.76329              -3.05958          3.24923      0.00000                         True
  ES    RTH      1h insample 10962 0.05636     0.14185               0.05327         2          0.09989     8.54977              -0.30811          4.35345      0.00000                         True
  ES    RTH      1h  holdout  3726 0.05153     0.14761               0.05019         2          0.09882     9.60816              -0.13419          4.72887      0.00000                         True
  NQ    RTH      1h insample 10962 0.06493     0.43596               0.43578         7          0.41874    37.10326              37.08502         35.38146      0.00000                         True
  NQ    RTH      1h  holdout  3726 0.07944     0.46028               0.04992         3          0.45501    38.08374              -2.95223         37.55676      0.00000                         True
  ES    RTH   30min insample 22368 0.48838     0.48927               0.41823         0          0.48927     0.08921              -7.01469          0.08921      0.00136                         True
  ES    RTH   30min  holdout  7452 0.47008     0.48108               0.43586         4          0.47570     1.10038              -3.42190          0.56230      0.00113                         True
  NQ    RTH   30min insample 22368 0.48476     0.48189               0.49043         1          0.47961    -0.28640               0.56750         -0.51440      0.00000                         True
  NQ    RTH   30min  holdout  7452 0.26530     0.33145               0.46176         1          0.31096     6.61567              19.64573          4.56671      0.00000                         True
  params NQ/RTH/30min done
  params ES/RTH/30min done

=== PHASE 2: 30min emission parameters ===
root geom horizon   sample  n_windows  mu_lo_mean  mu_hi_mean  sd_lo_mean  sd_hi_mean  separation_mean  separation_median  share_separation_below_0p5  share_separation_below_1p0     mis  switches
  ES  RTH   30min insample      22372    -0.59963     0.75299     0.76431     0.73572          1.82769            1.81212                     0.00000                     0.00004 0.48838      2353
  ES  RTH   30min  holdout       7453    -0.61244     0.73426     0.76495     0.76023          1.78373            1.78155                     0.00000                     0.00228 0.47008       669
  NQ  RTH   30min insample      22372    -0.41258     0.44791     0.51378     0.49382          1.70862            1.49269                     0.17446                     0.34691 0.48476      6384
  NQ  RTH   30min  holdout       7453    -0.52583     0.57797     0.66066     0.68302          1.66802            1.69734                     0.07232                     0.18664 0.26530      1345

=== label stability ===
root geom   sample     n  min_mu_gap  share_gap_below_0p1  share_gap_below_0p25
  ES  RTH insample 22372     0.92447              0.00000               0.00000
  ES  RTH  holdout  7453     0.84031              0.00000               0.00000
  NQ  RTH insample 22372     0.00003              0.06915               0.17428
  NQ  RTH  holdout  7453     0.00044              0.02952               0.06897

PHASE1+2 DONE 2107s
