=== A4 ESTIMATOR VALIDATION ===
{
 "seed": 20260841,
 "n": 3000,
 "v_true": 0.3,
 "mu_true": [
  -0.7,
  0.8
 ],
 "s2_true": [
  0.12249999999999998,
  0.30250000000000005
 ],
 "total_var_true": [
  0.4225,
  0.6025
 ],
 "free_mu": [
  -0.7165030550890396,
  0.8146847397033768
 ],
 "free_var": [
  0.42250943741721214,
  0.5762946729571353
 ],
 "fixednoise_mu": [
  -0.7165030551824336,
  0.8146847405829376
 ],
 "fixednoise_s2": [
  0.12250943720870688,
  0.2762946717947404
 ],
 "fixednoise_total_var": [
  0.4225094372087069,
  0.5762946717947404
 ],
 "s2_abs_error": [
  9.437208706900013e-06,
  0.02620532820525967
 ],
 "free_recovers_total": [
  9.437417212154742e-06,
  0.026205327042864712
 ],
 "state_accuracy_free": 0.98,
 "state_accuracy_fixednoise": 0.98,
 "n_bind": 0
}

=== observation-noise inputs, both lambda ranges (item 66) ===
root   geom horizon      lam_range     lam  var_log_rv  var_eps  usable
  ES GLOBEX    1day       extended 0.82723     1.24985  0.21594    True
  ES GLOBEX    1day restricted_S05     NaN     1.24985      NaN   False
  NQ GLOBEX    1day       extended 0.93995     1.15468  0.06934    True
  NQ GLOBEX    1day restricted_S05 0.84963     1.15468  0.17362    True
  ES    RTH    1day       extended 0.83978     1.28717  0.20623    True
  ES    RTH    1day restricted_S05 0.34664     1.28717  0.84098    True
  NQ    RTH    1day       extended 0.93128     1.13475  0.07797    True
  NQ    RTH    1day restricted_S05 0.89760     1.13475  0.11620    True
  ES    RTH      1h       extended 0.58805     1.78884  0.73691    True
  ES    RTH      1h restricted_S05     NaN     1.78884      NaN   False
  NQ    RTH      1h       extended 0.81017     1.75875  0.33386    True
  NQ    RTH      1h restricted_S05     NaN     1.75875      NaN   False
  ES    RTH   30min       extended 0.39582     2.05981  1.24449    True
  ES    RTH   30min restricted_S05     NaN     2.05981      NaN   False
  NQ    RTH   30min       extended 0.67653     2.02272  0.65428    True
  NQ    RTH   30min restricted_S05     NaN     2.02272      NaN   False
  IS A4 NQ/GLOBEX/1day scale=0.75 extended bind=0/1508 done
  IS A4 ES/GLOBEX/1day scale=0.5 extended bind=0/1513 done
  IS A4 NQ/GLOBEX/1day scale=1.0 extended bind=0/1508 done
  IS A4 ES/GLOBEX/1day scale=1.0 extended bind=0/1513 done
  IS A4 ES/GLOBEX/1day scale=0.75 extended bind=0/1513 done
  IS A4 NQ/GLOBEX/1day scale=0.5 extended bind=0/1508 done
  IS A4 NQ/GLOBEX/1day scale=0.25 extended bind=0/1508 done
  IS A4 ES/GLOBEX/1day scale=0.25 extended bind=0/1513 done
  IS A4 NQ/RTH/1day scale=0.25 extended bind=0/1461 done
  IS A4 NQ/RTH/1day scale=0.5 extended bind=0/1461 done
  IS A4 NQ/RTH/1day scale=0.75 extended bind=0/1461 done
  IS A4 NQ/RTH/1day scale=1.0 extended bind=0/1461 done
  IS A4 ES/RTH/1day scale=0.25 extended bind=0/1461 done
  IS A4 ES/RTH/1day scale=0.75 extended bind=0/1461 done
  IS A4 ES/RTH/1day scale=0.5 extended bind=0/1461 done
  IS A4 ES/RTH/1day scale=1.0 extended bind=0/1461 done
  IS A4 ES/RTH/1h scale=1.0 extended bind=9643/10966 done
  IS A4 ES/RTH/1h scale=0.75 extended bind=6096/10966 done
  IS A4 ES/RTH/1h scale=0.25 extended bind=0/10966 done
  IS A4 ES/RTH/1h scale=0.5 extended bind=375/10966 done
  IS A4 NQ/RTH/1h scale=1.0 extended bind=848/10966 done
  IS A4 NQ/RTH/1h scale=0.75 extended bind=154/10966 done
  IS A4 NQ/RTH/1h scale=0.5 extended bind=8/10966 done
  IS A4 NQ/RTH/1h scale=0.25 extended bind=0/10966 done
  IS A4 ES/RTH/30min scale=1.0 extended bind=21756/22372 done
  IS A4 NQ/RTH/30min scale=0.25 extended bind=22033/22372 done
  IS A4 NQ/RTH/30min scale=0.5 extended bind=22037/22372 done
  IS A4 NQ/RTH/30min scale=0.75 extended bind=22093/22372 done
  IS A4 ES/RTH/1day scale=1.0 restricted_S05 bind=1461/1461 done
  IS A4 NQ/GLOBEX/1day scale=1.0 restricted_S05 bind=0/1508 done
  IS A4 NQ/RTH/1day scale=1.0 restricted_S05 bind=0/1461 done
  IS A4 ES/RTH/30min scale=0.75 extended bind=21380/22372 done
  IS A4 ES/RTH/30min scale=0.5 extended bind=11856/22372 done
  IS A4 ES/RTH/30min scale=0.25 extended bind=0/22372 done
  IS A4 NQ/RTH/30min scale=1.0 extended bind=13873/22372 done

=== PHASE 3: A4 in sample ===
root   geom horizon      lam_range  scale   v_raw  n_windows_binding  share_windows_binding  states_differ_vs_A1  share_states_differ  mis_A1  mis_A4  reduction_pp
  ES GLOBEX    1day       extended   0.25 0.05399                  0                0.00000                    0              0.00000 0.02644 0.02644       0.00000
  ES GLOBEX    1day       extended   0.50 0.10797                  0                0.00000                    0              0.00000 0.02644 0.02644       0.00000
  ES GLOBEX    1day       extended   0.75 0.16196                  0                0.00000                    0              0.00000 0.02644 0.02644       0.00000
  ES GLOBEX    1day       extended   1.00 0.21594                  0                0.00000                    0              0.00000 0.02644 0.02644       0.00000
  ES    RTH    1day       extended   0.25 0.05156                  0                0.00000                    0              0.00000 0.03559 0.03559       0.00000
  ES    RTH    1day       extended   0.50 0.10312                  0                0.00000                    0              0.00000 0.03559 0.03559       0.00000
  ES    RTH    1day       extended   0.75 0.15467                  0                0.00000                    0              0.00000 0.03559 0.03559       0.00000
  ES    RTH    1day       extended   1.00 0.20623                  0                0.00000                    0              0.00000 0.03559 0.03559       0.00000
  ES    RTH      1h       extended   0.25 0.18423                  0                0.00000                    0              0.00000 0.05636 0.05636       0.00000
  ES    RTH      1h       extended   0.50 0.36845                375                0.03420                    4              0.00036 0.05636 0.05617       0.01824
  ES    RTH      1h       extended   0.75 0.55268               6096                0.55590                  198              0.01806 0.05636 0.06219      -0.58362
  ES    RTH      1h       extended   1.00 0.73691               9643                0.87935                  533              0.04860 0.05636 0.07979      -2.34361
  ES    RTH   30min       extended   0.25 0.31112                  0                0.00000                    1              0.00004 0.48838 0.48842      -0.00447
  ES    RTH   30min       extended   0.50 0.62224              11856                0.52995                  312              0.01395 0.48838 0.48802       0.03576
  ES    RTH   30min       extended   0.75 0.93336              21380                0.95566                 1555              0.06951 0.48838 0.48771       0.06705
  ES    RTH   30min       extended   1.00 1.24449              21756                0.97247                 8340              0.37279 0.48838 0.48632       0.20561
  NQ GLOBEX    1day       extended   0.25 0.01734                  0                0.00000                    0              0.00000 0.02122 0.02122       0.00000
  NQ GLOBEX    1day       extended   0.50 0.03467                  0                0.00000                    0              0.00000 0.02122 0.02122       0.00000
  NQ GLOBEX    1day       extended   0.75 0.05201                  0                0.00000                    0              0.00000 0.02122 0.02122       0.00000
  NQ GLOBEX    1day       extended   1.00 0.06934                  0                0.00000                    0              0.00000 0.02122 0.02122       0.00000
  NQ    RTH    1day       extended   0.25 0.01949                  0                0.00000                    0              0.00000 0.03491 0.03491       0.00000
  NQ    RTH    1day       extended   0.50 0.03899                  0                0.00000                    0              0.00000 0.03491 0.03491       0.00000
  NQ    RTH    1day       extended   0.75 0.05848                  0                0.00000                    0              0.00000 0.03491 0.03491       0.00000
  NQ    RTH    1day       extended   1.00 0.07797                  0                0.00000                    0              0.00000 0.03491 0.03491       0.00000
  NQ    RTH      1h       extended   0.25 0.08346                  0                0.00000                    0              0.00000 0.06493 0.06493       0.00000
  NQ    RTH      1h       extended   0.50 0.16693                  8                0.00073                    0              0.00000 0.06493 0.06493       0.00000
  NQ    RTH      1h       extended   0.75 0.25039                154                0.01404                    1              0.00009 0.06493 0.06484       0.00912
  NQ    RTH      1h       extended   1.00 0.33386                848                0.07733                   20              0.00182 0.06493 0.06548      -0.05471
  NQ    RTH   30min       extended   0.25 0.16357              22033                0.98485                    0              0.00000 0.48476 0.48476       0.00000
  NQ    RTH   30min       extended   0.50 0.32714              22037                0.98503                    0              0.00000 0.48476 0.48476       0.00000
  NQ    RTH   30min       extended   0.75 0.49071              22093                0.98753                    0              0.00000 0.48476 0.48476       0.00000
  NQ    RTH   30min       extended   1.00 0.65428              13873                0.62011                 9418              0.42097 0.48476 0.46768       1.70749
  ES    RTH    1day restricted_S05   1.00 0.84098               1461                1.00000                   80              0.05476 0.03559 0.07803      -4.24367
  NQ GLOBEX    1day restricted_S05   1.00 0.17362                  0                0.00000                    0              0.00000 0.02122 0.02122       0.00000
  NQ    RTH    1day restricted_S05   1.00 0.11620                  0                0.00000                    0              0.00000 0.03491 0.03491       0.00000
  HO A4 ES/GLOBEX/1day scale=0.5 extended done
  HO A4 ES/GLOBEX/1day scale=0.25 extended done
  HO A4 ES/GLOBEX/1day scale=0.75 extended done
  HO A4 ES/GLOBEX/1day scale=1.0 extended done
  HO A4 NQ/GLOBEX/1day scale=0.25 extended done
  HO A4 NQ/GLOBEX/1day scale=0.75 extended done
  HO A4 NQ/GLOBEX/1day scale=0.5 extended done
  HO A4 NQ/GLOBEX/1day scale=1.0 extended done
  HO A4 ES/RTH/1day scale=0.25 extended done
  HO A4 NQ/RTH/1day scale=0.25 extended done
  HO A4 ES/RTH/1day scale=0.5 extended done
  HO A4 NQ/RTH/1day scale=0.5 extended done
  HO A4 NQ/RTH/1day scale=0.75 extended done
  HO A4 ES/RTH/1day scale=0.75 extended done
  HO A4 ES/RTH/1day scale=1.0 extended done
  HO A4 NQ/RTH/1day scale=1.0 extended done
  HO A4 NQ/RTH/1h scale=0.5 extended done
  HO A4 NQ/RTH/1h scale=0.25 extended done
  HO A4 NQ/RTH/1h scale=0.75 extended done
  HO A4 NQ/RTH/1h scale=1.0 extended done
  HO A4 ES/RTH/1h scale=1.0 extended done
  HO A4 ES/RTH/1h scale=0.75 extended done
  HO A4 ES/RTH/1h scale=0.25 extended done
  HO A4 ES/RTH/1h scale=0.5 extended done
  HO A4 ES/RTH/30min scale=1.0 extended done
  HO A4 NQ/GLOBEX/1day scale=1.0 restricted_S05 done
  HO A4 ES/RTH/30min scale=0.75 extended done
  HO A4 ES/RTH/1day scale=1.0 restricted_S05 done
  HO A4 NQ/RTH/1day scale=1.0 restricted_S05 done
  HO A4 ES/RTH/30min scale=0.5 extended done
  HO A4 ES/RTH/30min scale=0.25 extended done
  HO A4 NQ/RTH/30min scale=0.25 extended done
  HO A4 NQ/RTH/30min scale=1.0 extended done
  HO A4 NQ/RTH/30min scale=0.5 extended done
  HO A4 NQ/RTH/30min scale=0.75 extended done

=== PHASE 4: A4 holdout ===
root   geom horizon      lam_range  scale    n  states_differ_vs_A1  mis_A1  mis_A4  reduction_pp
  ES GLOBEX    1day       extended   0.25  641                    0 0.01248 0.01248       0.00000
  ES GLOBEX    1day       extended   0.50  641                    0 0.01248 0.01248       0.00000
  ES GLOBEX    1day       extended   0.75  641                    0 0.01248 0.01248       0.00000
  ES GLOBEX    1day       extended   1.00  641                    0 0.01248 0.01248       0.00000
  ES    RTH    1day       extended   0.25  621                    0 0.02254 0.02254       0.00000
  ES    RTH    1day       extended   0.50  621                    0 0.02254 0.02254       0.00000
  ES    RTH    1day       extended   0.75  621                    0 0.02254 0.02254       0.00000
  ES    RTH    1day       extended   1.00  621                    0 0.02254 0.02254       0.00000
  ES    RTH      1h       extended   0.25 3726                    0 0.05153 0.05153       0.00000
  ES    RTH      1h       extended   0.50 3726                    0 0.05153 0.05153       0.00000
  ES    RTH      1h       extended   0.75 3726                   32 0.05153 0.05421      -0.26838
  ES    RTH      1h       extended   1.00 3726                  114 0.05153 0.05851      -0.69780
  ES    RTH   30min       extended   0.25 7452                    0 0.47008 0.47008       0.00000
  ES    RTH   30min       extended   0.50 7452                   20 0.47008 0.47115      -0.10735
  ES    RTH   30min       extended   0.75 7452                  235 0.47008 0.47236      -0.22813
  ES    RTH   30min       extended   1.00 7452                  749 0.47008 0.47424      -0.41600
  NQ GLOBEX    1day       extended   0.25  641                    0 0.03276 0.03276       0.00000
  NQ GLOBEX    1day       extended   0.50  641                    0 0.03276 0.03276       0.00000
  NQ GLOBEX    1day       extended   0.75  641                    0 0.03276 0.03276       0.00000
  NQ GLOBEX    1day       extended   1.00  641                    0 0.03276 0.03276       0.00000
  NQ    RTH    1day       extended   0.25  621                    0 0.05636 0.05636       0.00000
  NQ    RTH    1day       extended   0.50  621                    0 0.05636 0.05636       0.00000
  NQ    RTH    1day       extended   0.75  621                    0 0.05636 0.05636       0.00000
  NQ    RTH    1day       extended   1.00  621                    0 0.05636 0.05636       0.00000
  NQ    RTH      1h       extended   0.25 3726                    0 0.07944 0.07944       0.00000
  NQ    RTH      1h       extended   0.50 3726                    0 0.07944 0.07944       0.00000
  NQ    RTH      1h       extended   0.75 3726                    0 0.07944 0.07944       0.00000
  NQ    RTH      1h       extended   1.00 3726                    0 0.07944 0.07944       0.00000
  NQ    RTH   30min       extended   0.25 7452                    0 0.26530 0.26530       0.00000
  NQ    RTH   30min       extended   0.50 7452                    0 0.26530 0.26530       0.00000
  NQ    RTH   30min       extended   0.75 7452                    5 0.26530 0.26570      -0.04026
  NQ    RTH   30min       extended   1.00 7452                   28 0.26530 0.26557      -0.02684
  ES    RTH    1day restricted_S05   1.00  621                   79 0.02254 0.12721     -10.46699
  NQ GLOBEX    1day restricted_S05   1.00  641                    0 0.03276 0.03276       0.00000
  NQ    RTH    1day restricted_S05   1.00  621                    0 0.05636 0.05636       0.00000

=== allocation overlay, 1 tick ===
root   geom              arm  ann_return  ann_vol  sharpe  max_drawdown  annual_cost_bps  share_invested
  ES GLOBEX           A1_raw     -0.0013   0.0781 -0.0166       -0.1339          19.6284          0.6438
  ES GLOBEX reference_kernel      0.0070   0.0790  0.0881       -0.1350          20.9687          0.6500
  ES GLOBEX  always_invested      0.0689   0.0998  0.6901       -0.1296          13.1101          1.0000
  ES GLOBEX         A4_s0.25     -0.0013   0.0781 -0.0166       -0.1339          19.6284          0.6438
  ES GLOBEX         A4_s0.50     -0.0013   0.0781 -0.0166       -0.1339          19.6284          0.6438
  ES GLOBEX         A4_s0.75     -0.0013   0.0781 -0.0166       -0.1339          19.6284          0.6438
  ES GLOBEX         A4_s1.00     -0.0013   0.0781 -0.0166       -0.1339          19.6284          0.6438
  NQ GLOBEX           A1_raw      0.0288   0.0810  0.3560       -0.1311           3.9627          0.6281
  NQ GLOBEX reference_kernel      0.0194   0.0832  0.2329       -0.1585           4.2765          0.6422
  NQ GLOBEX  always_invested      0.0661   0.1028  0.6431       -0.1217           3.0789          1.0000
  NQ GLOBEX         A4_s0.25      0.0288   0.0810  0.3560       -0.1311           3.9627          0.6281
  NQ GLOBEX         A4_s0.50      0.0288   0.0810  0.3560       -0.1311           3.9627          0.6281
  NQ GLOBEX         A4_s0.75      0.0288   0.0810  0.3560       -0.1311           3.9627          0.6281
  NQ GLOBEX         A4_s1.00      0.0288   0.0810  0.3560       -0.1311           3.9627          0.6281
  ES    RTH           A1_raw     -0.0251   0.0821 -0.3058       -0.1519          25.9469          0.6823
  ES    RTH reference_kernel     -0.0210   0.0821 -0.2556       -0.1473          28.2544          0.6855
  ES    RTH  always_invested      0.0168   0.1024  0.1636       -0.1435          16.2530          1.0000
  ES    RTH         A4_s0.25     -0.0251   0.0821 -0.3058       -0.1519          25.9469          0.6823
  ES    RTH         A4_s0.50     -0.0251   0.0821 -0.3058       -0.1519          25.9469          0.6823
  ES    RTH         A4_s0.75     -0.0251   0.0821 -0.3058       -0.1519          25.9469          0.6823
  ES    RTH         A4_s1.00     -0.0251   0.0821 -0.3058       -0.1519          25.9469          0.6823
  NQ    RTH           A1_raw     -0.0076   0.0807 -0.0948       -0.1563           5.3265          0.6581
  NQ    RTH reference_kernel     -0.0072   0.0819 -0.0883       -0.1407           5.2489          0.6887
  NQ    RTH  always_invested      0.0019   0.1011  0.0193       -0.1347           3.6907          1.0000
  NQ    RTH         A4_s0.25     -0.0076   0.0807 -0.0948       -0.1563           5.3265          0.6581
  NQ    RTH         A4_s0.50     -0.0076   0.0807 -0.0948       -0.1563           5.3265          0.6581
  NQ    RTH         A4_s0.75     -0.0076   0.0807 -0.0948       -0.1563           5.3265          0.6581
  NQ    RTH         A4_s1.00     -0.0076   0.0807 -0.0948       -0.1563           5.3265          0.6581

=== PHASE 5: K12 ===
{
 "threshold_pp": 1.0,
 "reduction_pp_by_cell": {
  "ES/GLOBEX/1day": 0.0,
  "ES/RTH/1day": 0.0,
  "ES/RTH/1h": -0.6977992485238865,
  "ES/RTH/30min": -0.41599570585078016,
  "NQ/GLOBEX/1day": 0.0,
  "NQ/RTH/1day": 0.0,
  "NQ/RTH/1h": 0.0,
  "NQ/RTH/30min": -0.026838432635534204
 },
 "max_reduction_pp": 0.0,
 "min_reduction_pp": -0.6977992485238865,
 "all_below_1pp": true,
 "n_cells": 8,
 "states_differ_total_holdout": 891,
 "states_differ_total_insample": 18311,
 "windows_binding_total": 46120,
 "windows_total": 72619,
 "sensitivity": {
  "scale_0.25": {
   "max_reduction_pp": 0.0,
   "states_differ": 0,
   "windows_binding": 22033
  },
  "scale_0.50": {
   "max_reduction_pp": 0.0,
   "states_differ": 20,
   "windows_binding": 34276
  },
  "scale_0.75": {
   "max_reduction_pp": 0.0,
   "states_differ": 272,
   "windows_binding": 49723
  },
  "scale_1.00": {
   "max_reduction_pp": 0.0,
   "states_differ": 891,
   "windows_binding": 46120
  }
 },
 "K12": "FIRES"
}
PHASE3-5 DONE 6130s
