  IS ES/RTH/1day A2_ma5 done
  IS NQ/GLOBEX/1day A2_ma5 done
  IS ES/GLOBEX/1day A3_shrunk done
  IS NQ/GLOBEX/1day A3_shrunk done
  IS ES/GLOBEX/1day A2_ma5 done
  IS NQ/RTH/1day A2_ma5 done
  IS ES/GLOBEX/1day A1_raw done
  IS NQ/RTH/1day A3_shrunk done
  IS ES/RTH/1day A3_shrunk done
  IS NQ/GLOBEX/1day A1_raw done
  IS ES/RTH/1day A1_raw done
  IS NQ/RTH/1day A1_raw done
  IS NQ/RTH/1h A2_ma5 done
  IS ES/RTH/1h A2_ma5 done
  IS ES/RTH/1h A3_shrunk done
  IS NQ/RTH/1h A3_shrunk done
  IS ES/RTH/30min A2_ma5 done
  IS ES/RTH/1h A1_raw done
  IS NQ/RTH/30min A2_ma5 done
  IS NQ/RTH/30min A3_shrunk done
  IS NQ/RTH/1h A1_raw done
  IS NQ/RTH/30min A1_raw done
  IS ES/RTH/30min A3_shrunk done
  IS ES/RTH/30min A1_raw done

=== PHASE 2: in-sample classification ===
root   geom horizon       arm     n  misclass  analytic_rate  switches  switch_rate  mean_regime_duration  share_high
  ES GLOBEX    1day    A1_raw  1513   0.02644        0.13645        70      0.04630              21.30986     0.50099
  ES GLOBEX    1day    A2_ma5  1509   0.07886        0.13645        36      0.02387              40.78378     0.54937
  ES GLOBEX    1day A3_shrunk  1513   0.02644        0.13645        70      0.04630              21.30986     0.50099
  NQ GLOBEX    1day    A1_raw  1508   0.02122        0.07881        74      0.04910              20.10667     0.51724
  NQ GLOBEX    1day    A2_ma5  1504   0.08843        0.07881        52      0.03460              28.37736     0.56051
  NQ GLOBEX    1day A3_shrunk  1508   0.02122        0.07881        74      0.04910              20.10667     0.51724
  ES    RTH    1day    A1_raw  1461   0.03559        0.13109        74      0.05068              19.48000     0.51814
  ES    RTH    1day    A2_ma5  1457   0.08991        0.13109        42      0.02885              33.88372     0.55868
  ES    RTH    1day A3_shrunk  1461   0.03559        0.13109        74      0.05068              19.48000     0.51814
  NQ    RTH    1day    A1_raw  1461   0.03491        0.08443        88      0.06027              16.41573     0.54073
  NQ    RTH    1day    A2_ma5  1457   0.10707        0.08443        52      0.03571              27.49057     0.57310
  NQ    RTH    1day A3_shrunk  1461   0.03491        0.08443        88      0.06027              16.41573     0.54073
  ES    RTH      1h    A1_raw 10966   0.05636        0.22182       992      0.09047              11.04330     0.41592
  ES    RTH      1h    A2_ma5 10962   0.14185        0.22182       428      0.03905              25.55245     0.43094
  ES    RTH      1h A3_shrunk 10966   0.05636        0.22182       992      0.09047              11.04330     0.41592
  NQ    RTH      1h    A1_raw 10966   0.06493        0.14350      1242      0.11327               8.82220     0.44419
  NQ    RTH      1h    A2_ma5 10962   0.43596        0.14350      1000      0.09123              10.95105     0.48112
  NQ    RTH      1h A3_shrunk 10966   0.06493        0.14350      1242      0.11327               8.82220     0.44419
  ES    RTH   30min    A1_raw 22372   0.48838        0.28340      2353      0.10518               9.50382     0.43738
  ES    RTH   30min    A2_ma5 22368   0.48927        0.28340      1195      0.05343              18.70234     0.44112
  ES    RTH   30min A3_shrunk 22372   0.48838        0.28340      2353      0.10518               9.50382     0.43738
  NQ    RTH   30min    A1_raw 22372   0.48476        0.19257      6384      0.28537               3.50384     0.48368
  NQ    RTH   30min    A2_ma5 22368   0.48189        0.19257      2318      0.10363               9.64554     0.47912
  NQ    RTH   30min A3_shrunk 22372   0.48476        0.19257      6384      0.28537               3.50384     0.48368

=== A1 vs A3 state identity ===
root   geom horizon  n_compared  n_states_differ  max_abs_prob_diff
  ES GLOBEX    1day        1513                0       5.939693e-15
  NQ GLOBEX    1day        1508                0       1.959544e-14
  ES    RTH    1day        1461                0       1.348921e-14
  NQ    RTH    1day        1461                0       6.439294e-15
  ES    RTH      1h       10966                0       1.232348e-14
  NQ    RTH      1h       10966                0       6.539214e-14
  ES    RTH   30min       22372                0       3.097522e-14
  NQ    RTH   30min       22372                0       2.386980e-15

=== arm agreement ===
root   geom horizon                pair     n  n_differ  share_differ
  ES GLOBEX    1day A3_shrunk_vs_A1_raw  1513         0       0.00000
  ES GLOBEX    1day A3_shrunk_vs_A2_ma5  1509       129       0.08549
  ES GLOBEX    1day    A2_ma5_vs_A1_raw  1509       129       0.08549
  NQ GLOBEX    1day A3_shrunk_vs_A1_raw  1508         0       0.00000
  NQ GLOBEX    1day A3_shrunk_vs_A2_ma5  1504       129       0.08577
  NQ GLOBEX    1day    A2_ma5_vs_A1_raw  1504       129       0.08577
  ES    RTH    1day A3_shrunk_vs_A1_raw  1461         0       0.00000
  ES    RTH    1day A3_shrunk_vs_A2_ma5  1457       137       0.09403
  ES    RTH    1day    A2_ma5_vs_A1_raw  1457       137       0.09403
  NQ    RTH    1day A3_shrunk_vs_A1_raw  1461         0       0.00000
  NQ    RTH    1day A3_shrunk_vs_A2_ma5  1457       131       0.08991
  NQ    RTH    1day    A2_ma5_vs_A1_raw  1457       131       0.08991
  ES    RTH      1h A3_shrunk_vs_A1_raw 10966         0       0.00000
  ES    RTH      1h A3_shrunk_vs_A2_ma5 10962      1465       0.13364
  ES    RTH      1h    A2_ma5_vs_A1_raw 10962      1465       0.13364
  NQ    RTH      1h A3_shrunk_vs_A1_raw 10966         0       0.00000
  NQ    RTH      1h A3_shrunk_vs_A2_ma5 10962      4703       0.42903
  NQ    RTH      1h    A2_ma5_vs_A1_raw 10962      4703       0.42903
  ES    RTH   30min A3_shrunk_vs_A1_raw 22372         0       0.00000
  ES    RTH   30min A3_shrunk_vs_A2_ma5 22368      3224       0.14413
  ES    RTH   30min    A2_ma5_vs_A1_raw 22368      3224       0.14413
  NQ    RTH   30min A3_shrunk_vs_A1_raw 22372         0       0.00000
  NQ    RTH   30min A3_shrunk_vs_A2_ma5 22368      5216       0.23319
  NQ    RTH   30min    A2_ma5_vs_A1_raw 22368      5216       0.23319
  HO ES/RTH/1day A2_ma5 done
  HO NQ/GLOBEX/1day A2_ma5 done
  HO ES/GLOBEX/1day A3_shrunk done
  HO ES/GLOBEX/1day A2_ma5 done
  HO NQ/GLOBEX/1day A3_shrunk done
  HO NQ/RTH/1day A2_ma5 done
  HO ES/GLOBEX/1day A1_raw done
  HO ES/RTH/1day A3_shrunk done
  HO NQ/RTH/1day A3_shrunk done
  HO NQ/GLOBEX/1day A1_raw done
  HO ES/RTH/1day A1_raw done
  HO NQ/RTH/1day A1_raw done
  HO NQ/RTH/1h A2_ma5 done
  HO ES/RTH/1h A2_ma5 done
  HO ES/RTH/1h A3_shrunk done
  HO NQ/RTH/1h A3_shrunk done
  HO ES/RTH/30min A2_ma5 done
  HO ES/RTH/1h A1_raw done
  HO NQ/RTH/30min A2_ma5 done
  HO NQ/RTH/30min A3_shrunk done
  HO NQ/RTH/1h A1_raw done
  HO NQ/RTH/30min A1_raw done
  HO ES/RTH/30min A3_shrunk done
  HO ES/RTH/30min A1_raw done

=== PHASE 3: in sample vs holdout ===
root   geom horizon       arm   sample     n  misclass  switches  mean_regime_duration
  ES GLOBEX    1day    A1_raw insample  1513   0.02644        70              21.30986
  ES GLOBEX    1day    A1_raw  holdout   641   0.01248        48              13.08163
  ES GLOBEX    1day    A2_ma5 insample  1509   0.07886        36              40.78378
  ES GLOBEX    1day    A2_ma5  holdout   641   0.11856        32              19.42424
  ES GLOBEX    1day A3_shrunk insample  1513   0.02644        70              21.30986
  ES GLOBEX    1day A3_shrunk  holdout   641   0.01248        48              13.08163
  NQ GLOBEX    1day    A1_raw insample  1508   0.02122        74              20.10667
  NQ GLOBEX    1day    A1_raw  holdout   641   0.03276        40              15.63415
  NQ GLOBEX    1day    A2_ma5 insample  1504   0.08843        52              28.37736
  NQ GLOBEX    1day    A2_ma5  holdout   641   0.15133        26              23.74074
  NQ GLOBEX    1day A3_shrunk insample  1508   0.02122        74              20.10667
  NQ GLOBEX    1day A3_shrunk  holdout   641   0.03276        40              15.63415
  ES    RTH    1day    A1_raw insample  1461   0.03559        74              19.48000
  ES    RTH    1day    A1_raw  holdout   621   0.02254        48              12.67347
  ES    RTH    1day    A2_ma5 insample  1457   0.08991        42              33.88372
  ES    RTH    1day    A2_ma5  holdout   621   0.11594        30              20.03226
  ES    RTH    1day A3_shrunk insample  1461   0.03559        74              19.48000
  ES    RTH    1day A3_shrunk  holdout   621   0.02254        48              12.67347
  NQ    RTH    1day    A1_raw insample  1461   0.03491        88              16.41573
  NQ    RTH    1day    A1_raw  holdout   621   0.05636        46              13.21277
  NQ    RTH    1day    A2_ma5 insample  1457   0.10707        52              27.49057
  NQ    RTH    1day    A2_ma5  holdout   621   0.12399        26              23.00000
  NQ    RTH    1day A3_shrunk insample  1461   0.03491        88              16.41573
  NQ    RTH    1day A3_shrunk  holdout   621   0.05636        46              13.21277
  ES    RTH      1h    A1_raw insample 10966   0.05636       992              11.04330
  ES    RTH      1h    A1_raw  holdout   621   0.14010        22              27.00000
  ES    RTH      1h    A2_ma5 insample 10962   0.14185       428              25.55245
  ES    RTH      1h    A2_ma5  holdout   621   0.14493        14              41.40000
  ES    RTH      1h A3_shrunk insample 10966   0.05636       992              11.04330
  ES    RTH      1h A3_shrunk  holdout   621   0.14010        22              27.00000
  NQ    RTH      1h    A1_raw insample 10966   0.06493      1242               8.82220
  NQ    RTH      1h    A1_raw  holdout   621   0.14332         3             155.25000
  NQ    RTH      1h    A2_ma5 insample 10962   0.43596      1000              10.95105
  NQ    RTH      1h    A2_ma5  holdout   621   0.33333        60              10.18033
  NQ    RTH      1h A3_shrunk insample 10966   0.06493      1242               8.82220
  NQ    RTH      1h A3_shrunk  holdout   621   0.14332         3             155.25000
  ES    RTH   30min    A1_raw insample 22372   0.48838      2353               9.50382
  ES    RTH   30min    A1_raw  holdout   621   0.53140        21              28.22727
  ES    RTH   30min    A2_ma5 insample 22368   0.48927      1195              18.70234
  ES    RTH   30min    A2_ma5  holdout   621   0.52979        11              51.75000
  ES    RTH   30min A3_shrunk insample 22372   0.48838      2353               9.50382
  ES    RTH   30min A3_shrunk  holdout   621   0.53140        21              28.22727
  NQ    RTH   30min    A1_raw insample 22372   0.48476      6384               3.50384
  NQ    RTH   30min    A1_raw  holdout   621   0.49436       153               4.03247
  NQ    RTH   30min    A2_ma5 insample 22368   0.48189      2318               9.64554
  NQ    RTH   30min    A2_ma5  holdout   621   0.47343        41              14.78571
  NQ    RTH   30min A3_shrunk insample 22372   0.48476      6384               3.50384
  NQ    RTH   30min A3_shrunk  holdout   621   0.49436       153               4.03247

=== allocation overlay, holdout ===
root   geom              arm   n  ann_return  ann_vol  sharpe  max_drawdown  turnover  annual_cost_bps  share_invested
  ES GLOBEX           A1_raw 640     -0.0013   0.0781 -0.0166       -0.1339   61.4418          19.6284          0.6438
  ES GLOBEX           A2_ma5 640     -0.0015   0.0757 -0.0199       -0.1275   48.6622          15.5458          0.5938
  ES GLOBEX        A3_shrunk 640     -0.0013   0.0781 -0.0166       -0.1339   61.4418          19.6284          0.6438
  ES GLOBEX reference_kernel 640      0.0070   0.0790  0.0881       -0.1350   65.6372          20.9687          0.6500
  ES GLOBEX  always_invested 640      0.0689   0.0998  0.6901       -0.1296   41.0378          13.1101          1.0000
  NQ GLOBEX           A1_raw 640      0.0288   0.0810  0.3560       -0.1311   45.1414           3.9627          0.6281
  NQ GLOBEX           A2_ma5 640      0.0289   0.0755  0.3820       -0.0745   34.5120           3.0296          0.5500
  NQ GLOBEX        A3_shrunk 640      0.0288   0.0810  0.3560       -0.1311   45.1414           3.9627          0.6281
  NQ GLOBEX reference_kernel 640      0.0194   0.0832  0.2329       -0.1585   48.7156           4.2765          0.6422
  NQ GLOBEX  always_invested 640      0.0661   0.1028  0.6431       -0.1217   35.0733           3.0789          1.0000
  ES    RTH           A1_raw 620     -0.0251   0.0821 -0.3058       -0.1519   78.6986          25.9469          0.6823
  ES    RTH           A2_ma5 620     -0.0400   0.0811 -0.4924       -0.1697   62.8259          20.7137          0.6629
  ES    RTH        A3_shrunk 620     -0.0251   0.0821 -0.3058       -0.1519   78.6986          25.9469          0.6823
  ES    RTH reference_kernel 620     -0.0210   0.0821 -0.2556       -0.1473   85.6973          28.2544          0.6855
  ES    RTH  always_invested 620      0.0168   0.1024  0.1636       -0.1435   49.2965          16.2530          1.0000
  NQ    RTH           A1_raw 620     -0.0076   0.0807 -0.0948       -0.1563   58.7838           5.3265          0.6581
  NQ    RTH           A2_ma5 620     -0.0277   0.0784 -0.3535       -0.1535   45.7055           4.1414          0.6323
  NQ    RTH        A3_shrunk 620     -0.0076   0.0807 -0.0948       -0.1563   58.7838           5.3265          0.6581
  NQ    RTH reference_kernel 620     -0.0072   0.0819 -0.0883       -0.1407   57.9278           5.2489          0.6887
  NQ    RTH  always_invested 620      0.0019   0.1011  0.0193       -0.1347   40.7315           3.6907          1.0000

=== PHASE 4: K11 ===
root   geom horizon  mis_A1  mis_A2  mis_A3  reduction_vs_A1_pp  reduction_vs_A2_pp  below_1pp_vs_both
  ES GLOBEX    1day 0.01248 0.11856 0.01248                 0.0            10.60842              False
  NQ GLOBEX    1day 0.03276 0.15133 0.03276                 0.0            11.85647              False
  ES    RTH    1day 0.02254 0.11594 0.02254                 0.0             9.33977              False
  NQ    RTH    1day 0.05636 0.12399 0.05636                 0.0             6.76329              False
  ES    RTH      1h 0.14010 0.14493 0.14010                 0.0             0.48309               True
  NQ    RTH      1h 0.14332 0.33333 0.14332                 0.0            19.00161              False
  ES    RTH   30min 0.53140 0.52979 0.53140                 0.0            -0.16103               True
  NQ    RTH   30min 0.49436 0.47343 0.49436                 0.0            -2.09340               True

root   geom  ticks  sharpe_A1  sharpe_A2  sharpe_A3  sharpe_always  d_vs_A1  d_vs_A2  max_d
  ES GLOBEX    0.5    -0.0040    -0.0097    -0.0040         0.6967      0.0   0.0057 0.0057
  ES GLOBEX    1.0    -0.0166    -0.0199    -0.0166         0.6901      0.0   0.0034 0.0034
  ES GLOBEX    2.0    -0.0417    -0.0404    -0.0417         0.6770      0.0   0.0012 0.0012
  ES GLOBEX    4.0    -0.0919    -0.0815    -0.0919         0.6507      0.0   0.0104 0.0104
  NQ GLOBEX    0.5     0.3585     0.3840     0.3585         0.6446      0.0   0.0255 0.0255
  NQ GLOBEX    1.0     0.3560     0.3820     0.3560         0.6431      0.0   0.0260 0.0260
  NQ GLOBEX    2.0     0.3511     0.3780     0.3511         0.6401      0.0   0.0269 0.0269
  NQ GLOBEX    4.0     0.3413     0.3700     0.3413         0.6341      0.0   0.0286 0.0286
  ES    RTH    0.5    -0.2900    -0.4796    -0.2900         0.1715      0.0   0.1896 0.1896
  ES    RTH    1.0    -0.3058    -0.4924    -0.3058         0.1636      0.0   0.1866 0.1866
  ES    RTH    2.0    -0.3374    -0.5179    -0.3374         0.1477      0.0   0.1805 0.1805
  ES    RTH    4.0    -0.4007    -0.5690    -0.4007         0.1160      0.0   0.1683 0.1683
  NQ    RTH    0.5    -0.0915    -0.3509    -0.0915         0.0211      0.0   0.2594 0.2594
  NQ    RTH    1.0    -0.0948    -0.3535    -0.0948         0.0193      0.0   0.2587 0.2587
  NQ    RTH    2.0    -0.1014    -0.3588    -0.1014         0.0156      0.0   0.2574 0.2574
  NQ    RTH    4.0    -0.1146    -0.3693    -0.1146         0.0083      0.0   0.2548 0.2548

{
 "criterion_misclass_pp": 1.0,
 "criterion_sharpe": 0.1,
 "max_reduction_vs_A1_pp": 0.0,
 "max_reduction_vs_A2_pp": 19.00161030595813,
 "all_below_1pp_vs_both": false,
 "max_sharpe_difference": 0.2593946307392782,
 "all_sharpe_below_0p10": false,
 "n_cells": 8,
 "a1_a3_states_differ_total": 0,
 "a1_a3_max_prob_diff": 6.539213615042172e-14,
 "K11": "DOES NOT FIRE",
 "timers": {
  "phase2": 1963.4,
  "phase3_hmm": 2739.5,
  "allocation": 0.4,
  "total": 4704.9
 }
}
S16 PHASES 2-4 DONE 4705s
