  trend distinct_8: beta=-0.04690 t_cl=-4.190 p_cl=0.00409 p_wcb=0.00660 CI95=[-0.07601,-0.02452]
  trend all_16: beta=-0.04690 t_cl=-5.926 p_cl=0.00003 p_wcb=0.00000 CI95=[-0.06432,-0.03028]

=== PHASE 4: stop-out ===
root   geom         limit  n_decision_points  both  spurious  missed  neither  spurious_rate  missed_rate  missed_minus_spurious  n_spurious_episodes  mean_spurious_duration  max_spurious_duration
  ES GLOBEX stop_out_1.5x                641    20         2      13      606       0.003120     0.020281               0.017161                    2                     1.0                      1
  NQ GLOBEX stop_out_1.5x                641    21         1       6      613       0.001560     0.009360               0.007800                    1                     1.0                      1
  ES    RTH stop_out_1.5x                621    20         4      14      583       0.006441     0.022544               0.016103                    4                     1.0                      1
  NQ    RTH stop_out_1.5x                621    21         6       5      589       0.009662     0.008052              -0.001610                    6                     1.0                      1

=== leverage cap ===
root   geom             limit  n_decision_points  n_bound  max_leverage  p99_leverage  p95_leverage  median_leverage  cap_that_would_first_bind  headroom_ratio                                                 status
  ES GLOBEX leverage_cap_2.0x                641        0      1.165787      1.098393      1.009357         0.796584                   1.165787        1.715580 UNTESTED at a 10 percent target with daily rebalancing
  NQ GLOBEX leverage_cap_2.0x                641        0      0.916063      0.851619      0.803212         0.590645                   0.916063        2.183256 UNTESTED at a 10 percent target with daily rebalancing
  ES    RTH leverage_cap_2.0x                621        0      1.434067      1.377565      1.265081         1.005100                   1.434067        1.394635 UNTESTED at a 10 percent target with daily rebalancing
  NQ    RTH leverage_cap_2.0x                621        0      1.072526      1.028898      0.963414         0.742357                   1.072526        1.864757 UNTESTED at a 10 percent target with daily rebalancing

=== cost sweep ===
ticks             0.5       1.0       2.0       4.0
root geom                                          
ES   GLOBEX  0.002531  0.005063  0.010126  0.020252
     RTH     0.005225  0.010450  0.020900  0.041799
NQ   GLOBEX  0.000348  0.000696  0.001391  0.002782
     RTH     0.002154  0.004308  0.008616  0.017232

{
 "stop_out": {
  "max_spurious_rate": 0.00966183574879227,
  "all_spurious_below_1pct": true,
  "max_cost_bps": 0.041799218695532096,
  "all_cost_below_1bp": true,
  "determination": "FIRES"
 },
 "leverage_cap": {
  "n_bound_total": 0,
  "n_decision_points_total": 2524,
  "max_leverage_any_cell": 1.4340665802401198,
  "cap_that_would_first_bind": 1.4340665802401198,
  "min_headroom_ratio": 1.3946353869184516,
  "determination": "UNTESTED"
 },
 "item99_asymmetry": {
  "n_cells_missed_exceeds_spurious": 3,
  "n_cells": 4,
  "missed_rate_range": [
   0.008051529790660225,
   0.02254428341384863
  ],
  "spurious_rate_range": [
   0.0015600624024961,
   0.00966183574879227
  ],
  "mechanism": "Microstructure and sampling noise inflate the estimated volatility that enters the position size, so the proxy-sized position is smaller than the kernel-sized one exactly on the days when volatility is genuinely high. A smaller position produces a smaller realized portfolio volatility, so the stop-out is not triggered on days when it should be. The asymmetry is a consequence of sizing on a noisy estimate, not of the threshold.",
  "status": "DIRECTIONAL FINDING, not a kill-condition outcome (item 99)"
 },
 "supersedes": "The S11 joint K4 determination is superseded. K4 is reported per limit: the stop-out at 1.5x target is tested and fires; the leverage cap at 2.0x is untested because it never bound."
}
PHASE3+4 DONE 5s
