  verify ES/GLOBEX H=0.05 sw=2.3032 done
  verify ES/GLOBEX H=0.10 sw=2.2800 done
  verify ES/GLOBEX H=0.20 sw=2.6066 done
  verify ES/GLOBEX H=0.30 sw=2.9203 done
  verify ES/GLOBEX H=0.45 sw=3.6022 done
  verify ES/GLOBEX H=0.50 sw=3.9806 done
  verify NQ/GLOBEX H=0.05 sw=2.5904 done
  verify NQ/GLOBEX H=0.10 sw=2.5517 done
  verify NQ/GLOBEX H=0.20 sw=2.8819 done
  verify NQ/GLOBEX H=0.30 sw=3.3582 done
  verify NQ/GLOBEX H=0.45 sw=4.4659 done
  verify NQ/GLOBEX H=0.50 sw=4.8047 done
  verify ES/RTH H=0.05 sw=1.6503 done
  verify ES/RTH H=0.10 sw=1.4952 done
  verify ES/RTH H=0.20 sw=1.6031 done
  verify ES/RTH H=0.30 sw=1.6964 done
  verify ES/RTH H=0.45 sw=1.8814 done
  verify ES/RTH H=0.50 sw=1.9641 done
  verify NQ/RTH H=0.05 sw=1.7531 done
  verify NQ/RTH H=0.10 sw=1.6399 done
  verify NQ/RTH H=0.20 sw=1.6403 done
  verify NQ/RTH H=0.30 sw=1.8008 done
  verify NQ/RTH H=0.45 sw=2.1753 done
  verify NQ/RTH H=0.50 sw=2.2459 done
  sweep GLOBEX done
  sweep RTH done

=== (a) at the calibration point, implied vs measured ===
root   geom    H   M  sigma_w  implied_rq_rv2  measured_rq_rv2  prop_discrepancy  sd_log_within_window_var
  ES GLOBEX 0.05 276 2.303205        3.043509         3.043509      3.879318e-08                  1.519643
  ES GLOBEX 0.10 276 2.279983        3.043509         3.043509      1.220295e-07                  1.395115
  ES GLOBEX 0.20 276 2.606568        3.043509         3.043509     -5.727514e-08                  1.376794
  ES GLOBEX 0.30 276 2.920293        3.043509         3.043509      3.298959e-08                  1.367824
  ES GLOBEX 0.45 276 3.602184        3.043509         3.043509      2.171925e-08                  1.477377
  ES GLOBEX 0.50 276 3.980572        3.043509         3.043509     -2.426588e-09                  1.479468
  NQ GLOBEX 0.05 276 2.590398        3.606698         3.606698      1.930437e-08                  1.716660
  NQ GLOBEX 0.10 276 2.551746        3.606698         3.606698     -1.220267e-07                  1.551889
  NQ GLOBEX 0.20 276 2.881879        3.606698         3.606698      7.396091e-08                  1.539028
  NQ GLOBEX 0.30 276 3.358228        3.606698         3.606698     -5.771072e-08                  1.603475
  NQ GLOBEX 0.45 276 4.465884        3.606698         3.606698      4.159374e-08                  1.787726
  NQ GLOBEX 0.50 276 4.804716        3.606698         3.606698     -4.025869e-08                  1.802947
  ES    RTH 0.05  78 1.650274        1.506037         1.506037      7.401588e-08                  1.072373
  ES    RTH 0.10  78 1.495183        1.506037         1.506037     -3.409284e-08                  0.909996
  ES    RTH 0.20  78 1.603091        1.506037         1.506037     -2.615636e-08                  0.841088
  ES    RTH 0.30  78 1.696415        1.506037         1.506037      4.843368e-08                  0.810212
  ES    RTH 0.45  78 1.881388        1.506037         1.506037      3.762819e-08                  0.764486
  ES    RTH 0.50  78 1.964143        1.506037         1.506037      1.578100e-08                  0.775164
  NQ    RTH 0.05  78 1.753067        1.585652         1.585652      5.872797e-08                  1.152203
  NQ    RTH 0.10  78 1.639942        1.585652         1.585652      3.778408e-08                  1.003642
  NQ    RTH 0.20  78 1.640282        1.585652         1.585652      2.770217e-08                  0.888576
  NQ    RTH 0.30  78 1.800800        1.585652         1.585652     -6.925276e-08                  0.841103
  NQ    RTH 0.45  78 2.175335        1.585652         1.585652     -5.385747e-08                  0.851106
  NQ    RTH 0.50  78 2.245864        1.585652         1.585652     -2.198774e-08                  0.868842

=== (b) mapping sigma_w -> RQ/RV^2, GLOBEX H=0.50 and RTH H=0.50 ===
-- GLOBEX
 sigma_w  implied_rq_rv2  sd_log_within_window_var
0.100000        0.999934                  0.038620
0.117704        1.000546                  0.045458
0.138542        1.001401                  0.053505
0.163069        1.002590                  0.062978
0.191938        1.004245                  0.074127
0.225919        1.006545                  0.087251
0.265915        1.009738                  0.102697
0.312992        1.014169                  0.120879
0.368403        1.020311                  0.142279
0.433624        1.028815                  0.167468
0.510392        1.040581                  0.197116
0.600751        1.056836                  0.232013
0.707107        1.079258                  0.273088
0.832291        1.110124                  0.321434
0.979638        1.152493                  0.378340
1.153072        1.210424                  0.445321
1.357209        1.289200                  0.524160
1.597486        1.395538                  0.616956
1.880302        1.537775                  0.726180
2.213186        1.726084                  0.854741
2.605004        1.972796                  1.006063
3.066188        2.292796                  1.184174
3.609019        2.703861                  1.393818
4.247952        3.227189                  1.640576
5.000000        3.888933                  1.931020
-- RTH
 sigma_w  implied_rq_rv2  sd_log_within_window_var
0.100000        0.957756                  0.038858
0.117704        0.958169                  0.045738
0.138542        0.958769                  0.053835
0.163069        0.959632                  0.063366
0.191938        0.960868                  0.074584
0.225919        0.962625                  0.087788
0.265915        0.965113                  0.103330
0.312992        0.968622                  0.121623
0.368403        0.973556                  0.143155
0.433624        0.980471                  0.168499
0.510392        0.990135                  0.198330
0.600751        1.003606                  0.233442
0.707107        1.022326                  0.274770
0.832291        1.048256                  0.323415
0.979638        1.084035                  0.380672
1.153072        1.133167                  0.448065
1.357209        1.200205                  0.527389
1.597486        1.290886                  0.620757
1.880302        1.412131                  0.730655
2.213186        1.571901                  0.860008
2.605004        1.778965                  1.012262
3.066188        2.042649                  1.191471
3.609019        2.372337                  1.402406
4.247952        2.776349                  1.650685
5.000000        3.260452                  1.942918

=== crossings ===
root   geom    H   target  n_crossings crossing_sigma_w  ratio_at_0p6  target_reached_at_0p6
  ES GLOBEX 0.05 3.043509            1            2.213      1.080867                  False
  ES GLOBEX 0.10 3.043509            1            2.213      1.097370                  False
  ES GLOBEX 0.20 3.043509            1            2.213      1.095054                  False
  ES GLOBEX 0.30 3.043509            1            2.605      1.080976                  False
  ES GLOBEX 0.45 3.043509            1            3.609      1.061808                  False
  ES GLOBEX 0.50 3.043509            1            3.609      1.056700                  False
  NQ GLOBEX 0.05 3.606698            1            2.213      1.080867                  False
  NQ GLOBEX 0.10 3.606698            1            2.213      1.097370                  False
  NQ GLOBEX 0.20 3.606698            1            2.605      1.095054                  False
  NQ GLOBEX 0.30 3.606698            1            3.066      1.080976                  False
  NQ GLOBEX 0.45 3.606698            1            4.248      1.061808                  False
  NQ GLOBEX 0.50 3.606698            1            4.248      1.056700                  False
  ES    RTH 0.05 1.506037            1            1.597      1.008246                  False
  ES    RTH 0.10 1.506037            1            1.357      1.020746                  False
  ES    RTH 0.20 1.506037            1            1.357      1.024949                  False
  ES    RTH 0.30 1.506037            1            1.597      1.018805                  False
  ES    RTH 0.45 1.506037            1            1.880      1.007033                  False
  ES    RTH 0.50 1.506037            1            1.880      1.003494                  False
  NQ    RTH 0.05 1.585652            1            1.597      1.008246                  False
  NQ    RTH 0.10 1.585652            1            1.597      1.020746                  False
  NQ    RTH 0.20 1.585652            1            1.597      1.024949                  False
  NQ    RTH 0.30 1.585652            1            1.597      1.018805                  False
  NQ    RTH 0.45 1.585652            1            1.880      1.007033                  False
  NQ    RTH 0.50 1.585652            1            2.213      1.003494                  False

{
 "tolerance": 0.02,
 "n_calibration_points": 24,
 "max_abs_prop_discrepancy_at_calibration_point": 1.2202949917217154e-07,
 "n_within_tolerance": 24,
 "sd_log_within_window_var_range": [
  0.7644863250526278,
  1.8029467751251307
 ],
 "sigma_w_range": [
  1.495183198481798,
  4.804715622335673
 ],
 "monotonicity": {
  "GLOBEX/H0.05": {
   "monotone_increasing": true,
   "n_decreases": 0,
   "ratio_at_0p1": 1.0005535525795952,
   "ratio_at_5p0": 17.39839198858975,
   "sd_log_v_at_0p6": 0.394867424273702,
   "ratio_at_0p6": 1.080867391525856
  },
  "GLOBEX/H0.10": {
   "monotone_increasing": true,
   "n_decreases": 0,
   "ratio_at_0p1": 1.0009307135376457,
   "ratio_at_5p0": 15.221290887276018,
   "sd_log_v_at_0p6": 0.3683077616601804,
   "ratio_at_0p6": 1.0973703920671323
  },
  "GLOBEX/H0.20": {
   "monotone_increasing": true,
   "n_decreases": 0,
   "ratio_at_0p1": 1.0008576871510735,
   "ratio_at_5p0": 10.648918636778726,
   "sd_log_v_at_0p6": 0.323137974850556,
   "ratio_at_0p6": 1.095053757579002
  },
  "GLOBEX/H0.30": {
   "monotone_increasing": true,
   "n_decreases": 0,
   "ratio_at_0p1": 1.0005149651204261,
   "ratio_at_5p0": 7.125228769191775,
   "sd_log_v_at_0p6": 0.2866825104905917,
   "ratio_at_0p6": 1.0809764353561602
  },
  "GLOBEX/H0.45": {
   "monotone_increasing": true,
   "n_decreases": 0,
   "ratio_at_0p1": 1.0000546566511586,
   "ratio_at_5p0": 4.3819548086214635,
   "sd_log_v_at_0p6": 0.24372412119013767,
   "ratio_at_0p6": 1.061808268023672
  },
  "GLOBEX/H0.50": {
   "monotone_increasing": true,
   "n_decreases": 0,
   "ratio_at_0p1": 0.9999337040503847,
   "ratio_at_5p0": 3.888933225364973,
   "sd_log_v_at_0p6": 0.23172242870695736,
   "ratio_at_0p6": 1.056700465162423
  },
  "RTH/H0.05": {
   "monotone_increasing": true,
   "n_decreases": 0,
   "ratio_at_0p1": 0.9569492115265862,
   "ratio_at_5p0": 7.60984450980787,
   "sd_log_v_at_0p6": 0.3960600828243425,
   "ratio_at_0p6": 1.0082459802156127
  },
  "RTH/H0.10": {
   "monotone_increasing": true,
   "n_decreases": 0,
   "ratio_at_0p1": 0.9573331248891571,
   "ratio_at_5p0": 6.963275119180785,
   "sd_log_v_at_0p6": 0.3705530565366696,
   "ratio_at_0p6": 1.0207463455325498
  },
  "RTH/H0.20": {
   "monotone_increasing": true,
   "n_decreases": 0,
   "ratio_at_0p1": 0.9576770982886859,
   "ratio_at_5p0": 5.690183451058813,
   "sd_log_v_at_0p6": 0.3264068520495769,
   "ratio_at_0p6": 1.0249487611429635
  },
  "RTH/H0.30": {
   "monotone_increasing": true,
   "n_decreases": 0,
   "ra
PHASE2 DONE 335s
