  ES/GLOBEX/B0/1day          b=-0.4427 [-0.5508,-0.3398] ref=-1.1377 inside=False cond=25
  ES/GLOBEX/B1/1day          b=-0.4427 [-0.5461,-0.3412] ref=-1.1377 inside=False cond=25
  NQ/GLOBEX/B0/1day          b=-0.6886 [-0.8022,-0.5780] ref=-1.1377 inside=False cond=39
  NQ/GLOBEX/B1/1day          b=-0.6886 [-0.7999,-0.5761] ref=-1.1377 inside=False cond=39
  ES/RTH/B0/1day             b=-0.6274 [-0.7558,-0.4982] ref=-1.1444 inside=False cond=36.5
  ES/RTH/B0/1h               b=-0.4658 [-0.5345,-0.4004] ref=-1.2097 inside=False cond=37.4
  ES/RTH/B0/30min            b=-0.4111 [-0.4843,-0.3422] ref=-1.1971 inside=False cond=97.8
  ES/RTH/B1/1day             b=-0.6274 [-0.7570,-0.5077] ref=-1.1444 inside=False cond=36.5
  ES/RTH/B1/1h               b=-0.4658 [-0.5320,-0.4034] ref=-1.2097 inside=False cond=37.4
  ES/RTH/B1/30min            b=-0.4111 [-0.4780,-0.3423] ref=-1.1971 inside=False cond=97.8
  NQ/RTH/B0/1day             b=-0.9744 [-1.1255,-0.8353] ref=-1.1444 inside=False cond=70.5
  NQ/RTH/B0/1h               b=-0.8032 [-0.8944,-0.7150] ref=-1.2097 inside=False cond=48.4
  NQ/RTH/B0/30min            b=-0.7010 [-0.7976,-0.6092] ref=-1.1971 inside=False cond=73.9
  NQ/RTH/B1/1day             b=-0.9744 [-1.1264,-0.8289] ref=-1.1444 inside=False cond=70.5
  NQ/RTH/B1/1h               b=-0.8032 [-0.8971,-0.7208] ref=-1.2097 inside=False cond=48.4
  NQ/RTH/B1/30min            b=-0.7010 [-0.7959,-0.6096] ref=-1.1971 inside=False cond=73.9
  SPY/ARCX/TICK              b=-0.5333 [-0.6807,-0.3896] ref=-1.1262 inside=False cond=23.2
  SPY/XNAS/TICK              b=-0.5985 [-0.7628,-0.4468] ref=-1.1262 inside=False cond=27.3

{
 "master_seed": 20260820,
 "n_boot": 2000,
 "seeds_used": [
  2092611599,
  2383867976,
  3610172792,
  338961480,
  1861959406,
  200437596,
  4115934258,
  1212469576,
  3646531052,
  2381615946,
  2241039333,
  468957871,
  2838011325,
  327666825,
  1907526964,
  3319860749,
  557499663,
  1797488701
 ],
 "n_cells": 18,
 "n_ref_inside_95": 0,
 "cells_ref_inside": [],
 "median_b_se": 0.05357400412356453,
 "max_b_se": 0.08091680705256576,
 "median_cond": 38.9856757921873,
 "max_cond": 97.82048294779273,
 "n_screen_old_pass": 26,
 "n_screen_tight_pass": 14,
 "n_screen_rows": 34,
 "timers": {
  "phase1_futures": 38.3,
  "phase1_spy": 2.9
 }
}
PHASE1+2 DONE 41s
