root   geom horizon  n_windows  n_excluded  n_excluded_with_nonzero_rv  n_zero_rv_remaining
  ES GLOBEX      1h      42966         169                           0                   17
  ES GLOBEX   30min      87885         396                           1                   42
  NQ GLOBEX      1h      42856         154                           0                   15
  NQ GLOBEX   30min      87660         363                           1                   36
  ES    RTH      1h      11406           0                           0                    0
  ES    RTH   30min      22812           0                           0                    0
  NQ    RTH      1h      11406           0                           0                    0
  NQ    RTH   30min      22812           0                           0                    0
rerunning 8 halted cells
<REPO>/sessions/s05-reliability-mcs/src/partde.py:174: RuntimeWarning: overflow encountered in scalar multiply
  F["M5_RGARCH"][t] = float(np.exp(xi + ph * lh_next
<REPO>/sessions/s05-reliability-mcs/src/partde.py:174: RuntimeWarning: overflow encountered in exp
  F["M5_RGARCH"][t] = float(np.exp(xi + ph * lh_next
<REPO>/sessions/s05-reliability-mcs/src/partde.py:115: RuntimeWarning: overflow encountered in scalar multiply
  F = float(np.exp(xi + ph * logh_next + 0.5 * np.exp(lsu)) * mgf)
<REPO>/sessions/s05-reliability-mcs/src/partde.py:115: RuntimeWarning: overflow encountered in exp
  F = float(np.exp(xi + ph * logh_next + 0.5 * np.exp(lsu)) * mgf)
<REPO>/sessions/s05-reliability-mcs/src/partde.py:115: RuntimeWarning: overflow encountered in exp
  F = float(np.exp(xi + ph * logh_next + 0.5 * np.exp(lsu)) * mgf)
<REPO>/sessions/s05-reliability-mcs/src/partde.py:174: RuntimeWarning: overflow encountered in exp
  F["M5_RGARCH"][t] = float(np.exp(xi + ph * lh_next
<REPO>/sessions/s05-reliability-mcs/src/partde.py:112: RuntimeWarning: overflow encountered in exp
  * np.exp(t1 ** 2 / (2 * max(1 - 2 * t2, 1e-6)))
<REPO>/sessions/s05-reliability-mcs/src/partde.py:173: RuntimeWarning: overflow encountered in exp
  * np.exp(t1 ** 2 / (2 * max(1 - 2 * t2, 1e-6)))
<REPO>/sessions/s05-reliability-mcs/src/partde.py:115: RuntimeWarning: overflow encountered in exp
  F = float(np.exp(xi + ph * logh_next + 0.5 * np.exp(lsu)) * mgf)
<REPO>/sessions/s05-reliability-mcs/src/partde.py:174: RuntimeWarning: overflow encountered in exp
  F["M5_RGARCH"][t] = float(np.exp(xi + ph * lh_next
<REPO>/sessions/s05-reliability-mcs/src/partde.py:182: RuntimeWarning: divide by zero encountered in log
  return x - np.log(x) - 1.0
  1/8 NQ/GLOBEX/B0/1h (32.4s)
<REPO>/sessions/s05-reliability-mcs/src/partde.py:115: RuntimeWarning: overflow encountered in exp
  F = float(np.exp(xi + ph * logh_next + 0.5 * np.exp(lsu)) * mgf)
<REPO>/sessions/s05-reliability-mcs/src/partde.py:174: RuntimeWarning: overflow encountered in exp
  F["M5_RGARCH"][t] = float(np.exp(xi + ph * lh_next
<REPO>/sessions/s05-reliability-mcs/src/partde.py:115: RuntimeWarning: overflow encountered in exp
  F = float(np.exp(xi + ph * logh_next + 0.5 * np.exp(lsu)) * mgf)
<REPO>/sessions/s05-reliability-mcs/src/partde.py:174: RuntimeWarning: overflow encountered in exp
  F["M5_RGARCH"][t] = float(np.exp(xi + ph * lh_next
<REPO>/sessions/s05-reliability-mcs/src/partde.py:112: RuntimeWarning: overflow encountered in exp
  * np.exp(t1 ** 2 / (2 * max(1 - 2 * t2, 1e-6)))
<REPO>/sessions/s05-reliability-mcs/src/partde.py:173: RuntimeWarning: overflow encountered in exp
  * np.exp(t1 ** 2 / (2 * max(1 - 2 * t2, 1e-6)))
<REPO>/sessions/s05-reliability-mcs/src/partde.py:174: RuntimeWarning: invalid value encountered in scalar multiply
  F["M5_RGARCH"][t] = float(np.exp(xi + ph * lh_next
<REPO>/sessions/s05-reliability-mcs/src/partde.py:112: RuntimeWarning: overflow encountered in exp
  * np.exp(t1 ** 2 / (2 * max(1 - 2 * t2, 1e-6)))
<REPO>/sessions/s05-reliability-mcs/src/partde.py:173: RuntimeWarning: overflow encountered in exp
  * np.exp(t1 ** 2 / (2 * max(1 - 2 * t2, 1e-6)))
<REPO>/sessions/s05-reliability-mcs/src/partde.py:174: RuntimeWarning: invalid value encountered in scalar multiply
  F["M5_RGARCH"][t] = float(np.exp(xi + ph * lh_next
<REPO>/sessions/s05-reliability-mcs/src/partde.py:174: RuntimeWarning: overflow encountered in scalar multiply
  F["M5_RGARCH"][t] = float(np.exp(xi + ph * lh_next
  2/8 ES/GLOBEX/B1/1h (47.3s)
<REPO>/sessions/s05-reliability-mcs/src/partde.py:182: RuntimeWarning: divide by zero encountered in log
  return x - np.log(x) - 1.0
<REPO>/sessions/s05-reliability-mcs/src/partde.py:174: RuntimeWarning: overflow encountered in scalar multiply
  F["M5_RGARCH"][t] = float(np.exp(xi + ph * lh_next
  3/8 ES/GLOBEX/B1/30min (62.1s)
<REPO>/sessions/s05-reliability-mcs/src/partde.py:182: RuntimeWarning: divide by zero encountered in log
  return x - np.log(x) - 1.0
  4/8 ES/GLOBEX/B0/1h (93.0s)
<REPO>/sessions/s05-reliability-mcs/src/partde.py:182: RuntimeWarning: divide by zero encountered in log
  return x - np.log(x) - 1.0
  5/8 NQ/GLOBEX/B1/1h (46.2s)
  6/8 ES/GLOBEX/B0/30min (129.3s)
  7/8 NQ/GLOBEX/B1/30min (103.2s)
  8/8 NQ/GLOBEX/B0/30min (152.2s)
PHASE2 GEN DONE 188s
