             cell    b_2021    b_2022    b_2023  reverts_2023  is_2022_min
ES/GLOBEX/B0/1day -0.683176 -1.131404 -0.736294          True         True
   ES/RTH/B0/1day -0.651737 -1.479301 -1.207672          True         True
     ES/RTH/B0/1h -0.578569 -1.179409 -0.670155          True         True
  ES/RTH/B0/30min -0.625401 -0.899620 -0.564468          True         True
NQ/GLOBEX/B0/1day -0.782878 -1.100138 -0.823472          True         True
   NQ/RTH/B0/1day -1.136601 -1.411073 -1.091688          True        False
     NQ/RTH/B0/1h -0.949620 -1.104983 -0.873438          True         True
  NQ/RTH/B0/30min -0.877618 -1.049394 -0.820936          True        False

{
 "n_cells_2022_is_minimum": 6,
 "n_cells_reverting_in_2023": 8,
 "n_cells": 8,
 "specifications": {
  "full": {
   "n_obs": 64,
   "years": [
    2016,
    2017,
    2018,
    2019,
    2020,
    2021,
    2022,
    2023
   ],
   "admissible": [
    2018,
    2019,
    2020,
    2021,
    2022
   ],
   "rss_intercept": 2.596869372782847,
   "rss_linear": 1.8576837980593677,
   "rss_break": 1.796784476233603,
   "break_date": 2022,
   "break_delta": -0.2582125895054377,
   "linear_slope": -0.04690369993539321,
   "F_linear": 21.884890556865436,
   "F_break_sup": 24.49078890221184,
   "p_linear": 0.008600860086008601,
   "p_break_sup": 0.0038003800380038005,
   "rss_2022_dummy": 1.4504156120035057,
   "delta_2022_dummy": -0.4046963166162537,
   "share_residual_linear": 0.28464488143712685,
   "share_residual_break": 0.30809593464143337
  },
  "excl_2022": {
   "n_obs": 56,
   "years": [
    2016,
    2017,
    2018,
    2019,
    2020,
    2021,
    2023
   ],
   "admissible": [
    2018,
    2019,
    2020,
    2021
   ],
   "rss_intercept": 1.2702640730855799,
   "rss_linear": 1.059535331621543,
   "rss_break": 0.9967479745475456,
   "break_date": 2019,
   "break_delta": -0.1412228104275828,
   "linear_slope": -0.027489763279594914,
   "F_linear": 9.347730607201164,
   "F_break_sup": 12.897198649561346,
   "p_linear": 0.005900590059005901,
   "p_break_sup": 0.020702070207020702,
   "rss_2022_dummy": null,
   "delta_2022_dummy": null,
   "share_residual_linear": 0.1658936483593988,
   "share_residual_break": 0.21532223443401044
  }
 },
 "dummy_2022_beats_break": true,
 "dummy_2022_beats_linear": true,
 "excl_2022_linear_survives_05": true,
 "excl_2022_break_survives_05": true,
 "rademacher_floor": 0.0078125,
 "verdict": "INDETERMINATE"
}
PHASE3b DONE 18s
