=== MEASURED sub-bar amplitudes, five-minute equivalent ===
root   geom horizon   M  first_ratio  last_ratio  first_share  last_share  uniform_share
  ES GLOBEX    1day 276     1.446400    0.319549     0.004518    0.001545       0.003623
  NQ GLOBEX    1day 276     1.149307    0.292210     0.004056    0.001360       0.003623
  ES    RTH    1day  78     1.921269    2.318384     0.029281    0.029313       0.012821
  ES    RTH      1h  12     1.138200    0.882736     0.098663    0.077503       0.083333
  ES    RTH   30min   6     1.122208    0.938437     0.186796    0.161626       0.166667
  NQ    RTH    1day  78     2.732533    1.565768     0.040438    0.019098       0.012821
  NQ    RTH      1h  12     1.299735    0.812793     0.102408    0.072016       0.083333
  NQ    RTH   30min   6     1.203480    0.893057     0.191007    0.155942       0.166667

=== 1day cells, every grid point ===
root   geom    M  first_ratio  last_ratio  first_share  last_share
  ES GLOBEX    5     0.599893    1.672719     0.121184    0.279393
  ES GLOBEX    6     0.514085    1.798718     0.103081    0.240935
  ES GLOBEX   10     0.428441    2.006721     0.056394    0.152327
  ES GLOBEX   12     0.506120    1.837151     0.043612    0.126306
  ES GLOBEX   23     0.525430    0.570605     0.024038    0.029918
  ES GLOBEX   46     0.732121    0.449781     0.015910    0.010435
  ES GLOBEX  138     1.220253    0.325497     0.008078    0.002906
  ES GLOBEX  276     1.446400    0.319549     0.004518    0.001545
  ES GLOBEX  345     1.592749    0.374734     0.003872    0.001369
  ES GLOBEX 1379     2.852298    0.670739     0.001683    0.000572
  NQ GLOBEX    5     0.506984    1.607719     0.110138    0.277459
  NQ GLOBEX    6     0.449834    1.699527     0.093738    0.236597
  NQ GLOBEX   10     0.394279    1.831301     0.050104    0.144400
  NQ GLOBEX   12     0.423466    1.674637     0.038666    0.118263
  NQ GLOBEX   23     0.470215    0.778730     0.021826    0.035878
  NQ GLOBEX   46     0.688008    0.481922     0.014707    0.011686
  NQ GLOBEX  138     1.061633    0.281607     0.007248    0.002496
  NQ GLOBEX  276     1.149307    0.292210     0.004056    0.001360
  NQ GLOBEX  345     1.256832    0.320866     0.003437    0.001136
  NQ GLOBEX 1379     2.748829    0.583847     0.001653    0.000504
  ES    RTH    5     1.324938    1.429546     0.296048    0.215833
  ES    RTH    6     1.482474    1.396999     0.263863    0.184989
  ES    RTH   10     1.642075    1.549216     0.178539    0.127094
  ES    RTH   13     1.621939    1.835214     0.142180    0.109040
  ES    RTH   26     1.890839    2.272683     0.081765    0.070225
  ES    RTH   78     1.921269    2.318384     0.029281    0.029313
  ES    RTH  195     1.305429    3.097648     0.008935    0.015972
  ES    RTH  389     2.596628    4.174240     0.008481    0.011416
  NQ    RTH    5     1.657764    1.170753     0.339267    0.183828
  NQ    RTH    6     1.828935    1.103245     0.308399    0.150628
  NQ    RTH   10     2.121087    1.208524     0.221533    0.097944
  NQ    RTH   13     2.132199    1.398686     0.180539    0.081180
  NQ    RTH   26     2.533540    1.791910     0.111226    0.051452
  NQ    RTH   78     2.732533    1.565768     0.040438    0.019098
  NQ    RTH  195     2.199471    2.094522     0.013382    0.009659
  NQ    RTH  389     4.440382    2.864896     0.013307    0.007046
  calib A7 ES/GLOBEX target=1.4464 kappa=5.20 got=1.4464 bracketed=True
  calib A7 NQ/GLOBEX target=1.1493 kappa=3.14 got=1.1493 bracketed=True
  calib A7 ES/RTH target=1.9213 kappa=7.25 got=1.9213 bracketed=True
  calib A7 NQ/RTH target=2.7325 kappa=9.80 got=2.7325 bracketed=True
  A7 ES/GLOBEX pos=start    b=-1.0743 sd=0.0323
  A7 ES/GLOBEX pos=quarter  b=-1.1527 sd=0.0727
  A7 ES/GLOBEX pos=mid      b=-1.1389 sd=0.1575
  A7 ES/GLOBEX pos=end      b=-1.0804 sd=0.1062
  A7 NQ/GLOBEX pos=start    b=-1.1203 sd=0.1356
  A7 NQ/GLOBEX pos=quarter  b=-1.0657 sd=0.1000
  A7 NQ/GLOBEX pos=mid      b=-1.1632 sd=0.1344
  A7 NQ/GLOBEX pos=end      b=-1.1034 sd=0.1044
  A7 ES/RTH pos=start    b=-1.0862 sd=0.0956
  A7 ES/RTH pos=quarter  b=-1.1308 sd=0.1066
  A7 ES/RTH pos=mid      b=-1.1804 sd=0.1685
  A7 ES/RTH pos=end      b=-1.1798 sd=0.0848
  A7 NQ/RTH pos=start    b=-1.1752 sd=0.0947
  A7 NQ/RTH pos=quarter  b=-1.0077 sd=0.1028
  A7 NQ/RTH pos=mid      b=-1.1336 sd=0.0476
  A7 NQ/RTH pos=end      b=-1.1140 sd=0.0511
  A8 ES/GLOBEX H=0.05 sw=2.303 b=-0.8812 sd=0.0814
  A8 ES/GLOBEX H=0.10 sw=2.280 b=-0.8960 sd=0.0482
  A8 ES/GLOBEX H=0.20 sw=2.607 b=-0.8568 sd=0.0534
  A8 ES/GLOBEX H=0.30 sw=2.920 b=-0.8244 sd=0.0327
  A8 ES/GLOBEX H=0.45 sw=3.602 b=-0.8591 sd=0.0442
  A8 ES/GLOBEX H=0.50 sw=3.981 b=-0.8838 sd=0.0749
  A8 NQ/GLOBEX H=0.05 sw=2.590 b=-0.9343 sd=0.0707
  A8 NQ/GLOBEX H=0.10 sw=2.552 b=-0.8194 sd=0.0266
  A8 NQ/GLOBEX H=0.20 sw=2.882 b=-0.7910 sd=0.0359
  A8 NQ/GLOBEX H=0.30 sw=3.358 b=-0.8629 sd=0.1306
  A8 NQ/GLOBEX H=0.45 sw=4.466 b=-0.7932 sd=0.0261
  A8 NQ/GLOBEX H=0.50 sw=4.805 b=-0.8172 sd=0.0456
  A8 ES/RTH H=0.05 sw=1.650 b=-1.1043 sd=0.1582
  A8 ES/RTH H=0.10 sw=1.495 b=-1.0656 sd=0.1094
  A8 ES/RTH H=0.20 sw=1.603 b=-0.9477 sd=0.0488
  A8 ES/RTH H=0.30 sw=1.696 b=-0.9580 sd=0.1060
  A8 ES/RTH H=0.45 sw=1.881 b=-0.9276 sd=0.0870
  A8 ES/RTH H=0.50 sw=1.964 b=-1.0672 sd=0.1181
  A8 NQ/RTH H=0.05 sw=1.753 b=-0.9997 sd=0.0647
  A8 NQ/RTH H=0.10 sw=1.640 b=-1.0509 sd=0.0974
  A8 NQ/RTH H=0.20 sw=1.640 b=-1.0263 sd=0.0450
  A8 NQ/RTH H=0.30 sw=1.801 b=-0.9524 sd=0.0805
  A8 NQ/RTH H=0.45 sw=2.175 b=-0.9974 sd=0.1214
  A8 NQ/RTH H=0.50 sw=2.246 b=-0.9350 sd=0.1026

=== arm comparison ===
root   geom       A6_b_range A6_in_range      A7_b    A7_sd  A7_in_range       A8_b_range A8_in_range  A8_b_mean
  ES GLOBEX -0.850 to -0.926         6/6 -1.074340 0.032292        False -0.824 to -0.896         6/6  -0.866860
  NQ GLOBEX -0.796 to -0.936         6/6 -1.120342 0.135618        False -0.791 to -0.934         6/6  -0.836344
  ES    RTH -0.953 to -1.044         1/6 -1.086219 0.095597        False -0.928 to -1.104         3/6  -1.011715
  NQ    RTH -0.894 to -1.050         3/6 -1.175200 0.094675        False -0.935 to -1.051         2/6  -0.993617

=== A7 position sweep ===
root   geom position    kappa    b_mean     b_sd  rmse_mean  cond_mean  in_observed_range
  ES GLOBEX      end 5.202483 -1.080354 0.106218   0.008610  84.167431              False
  ES GLOBEX      mid 5.202483 -1.138895 0.157467   0.008332  98.891582              False
  ES GLOBEX  quarter 5.202483 -1.152670 0.072688   0.009976  97.914063              False
  ES GLOBEX    start 5.202483 -1.074340 0.032292   0.009167  81.170354              False
  ES    RTH      end 7.245331 -1.179766 0.084830   0.010385 102.740233              False
  ES    RTH      mid 7.245331 -1.180360 0.168472   0.007723 107.931917              False
  ES    RTH  quarter 7.245331 -1.130795 0.106580   0.007376  93.563203              False
  ES    RTH    start 7.245331 -1.086219 0.095597   0.009406  84.730239              False
  NQ GLOBEX      end 3.139911 -1.103364 0.104438   0.008513  88.577509              False
  NQ GLOBEX      mid 3.139911 -1.163215 0.134424   0.006582 102.582615              False
  NQ GLOBEX  quarter 3.139911 -1.065738 0.099990   0.008305  81.552581              False
  NQ GLOBEX    start 3.139911 -1.120342 0.135618   0.009929  93.577526              False
  NQ    RTH      end 9.802025 -1.113988 0.051063   0.009644  88.292107              False
  NQ    RTH      mid 9.802025 -1.133552 0.047572   0.010770  92.302705              False
  NQ    RTH  quarter 9.802025 -1.007684 0.102794   0.009349  71.190647              False
  NQ    RTH    start 9.802025 -1.175200 0.094675   0.010776 102.763918              False

=== A8 ===
root   geom    H  sigma_w    kappa    b_mean     b_sd  rmse_mean  cond_mean  in_observed_range
  ES GLOBEX 0.05 2.303205 5.202483 -0.881172 0.081374   0.009347  54.622366               True
  ES GLOBEX 0.10 2.279983 5.202483 -0.895985 0.048188   0.012594  56.137647               True
  ES GLOBEX 0.20 2.606568 5.202483 -0.856783 0.053415   0.012232  53.540584               True
  ES GLOBEX 0.30 2.920293 5.202483 -0.824381 0.032712   0.009076  50.677211               True
  ES GLOBEX 0.45 3.602184 5.202483 -0.859083 0.044231   0.013179  57.312066               True
  ES GLOBEX 0.50 3.980572 5.202483 -0.883756 0.074912   0.012405  62.332562               True
  ES    RTH 0.05 1.650274 7.245331 -1.104256 0.158174   0.012005  91.433279              False
  ES    RTH 0.10 1.495183 7.245331 -1.065564 0.109375   0.009033  81.917153              False
  ES    RTH 0.20 1.603091 7.245331 -0.947702 0.048805   0.009314  62.852199               True
  ES    RTH 0.30 1.696415 7.245331 -0.957962 0.105951   0.011122  66.032278               True
  ES    RTH 0.45 1.881388 7.245331 -0.927602 0.086952   0.008927  62.143315               True
  ES    RTH 0.50 1.964143 7.245331 -1.067201 0.118058   0.012615  84.032548              False
  NQ GLOBEX 0.05 2.590398 3.139911 -0.934340 0.070682   0.008581  60.887758               True
  NQ GLOBEX 0.10 2.551746 3.139911 -0.819413 0.026608   0.014439  48.168667               True
  NQ GLOBEX 0.20 2.881879 3.139911 -0.791020 0.035879   0.012038  47.842495               True
  NQ GLOBEX 0.30 3.358228 3.139911 -0.862882 0.130639   0.012732  58.344113               True
  NQ GLOBEX 0.45 4.465884 3.139911 -0.793225 0.026059   0.016049  52.543364               True
  NQ GLOBEX 0.50 4.804716 3.139911 -0.817185 0.045641   0.018953  56.965794               True
  NQ    RTH 0.05 1.753067 9.802025 -0.999730 0.064691   0.012738  70.413761              False
  NQ    RTH 0.10 1.639942 9.802025 -1.050944 0.097356   0.010223  79.121844              False
  NQ    RTH 0.20 1.640282 9.802025 -1.026262 0.044966   0.009369  74.922184              False
  NQ    RTH 0.30 1.800800 9.802025 -0.952379 0.080466   0.010459  65.227227               True
  NQ    RTH 0.45 2.175335 9.802025 -0.997409 0.121433   0.008995  74.626510              False
  NQ    RTH 0.50 2.245864 9.802025 -0.934975 0.102576   0.010005  63.813859               True

{
 "measurement_first": true,
 "kappa_range": [
  3.139910523314029,
  9.80202523758635
 ],
 "first_ratio_measured": {
  "ES/GLOBEX": 1.4464002691662268,
  "NQ/GLOBEX": 1.1493069763127375,
  "ES/RTH": 1.9212686227229219,
  "NQ/RTH": 2.7325334768064025
 },
 "A7_position_dependence": {
  "ES/GLOBEX": {
   "start": -1.074339829538883,
   "quarter": -1.1526701536283261,
   "mid": -1.1388948440979614,
   "end": -1.0803535071511778
  },
  "ES/RTH": {
   "start": -1.0862194024495981,
   "quarter": -1.1307945345483348,
   "mid": -1.18035955265966,
   "end": -1.1797660303493054
  },
  "NQ/GLOBEX": {
   "start": -1.1203421598183192,
   "quarter": -1.0657380337967157,
   "mid": -1.1632154647890105,
   "end": -1.1033636873706913
  },
  "NQ/RTH": {
   "start": -1.1751996113321677,
   "quarter": -1.0076842695254018,
   "mid": -1.1335522546348462,
   "end": -1.113988127286495
  }
 },
 "A7_in_range_by_geom": {
  "GLOBEX": 0,
  "RTH": 0
 },
 "A7_n_by_geom": {
  "GLOBEX": 2,
  "RTH": 2
 },
 "max_between_seed_sd": 0.16847243148442947,
 "observed_range": [
  -0.97,
  -0.44
 ],
 "timers": {
  "measure": 1.6,
  "calibrate": 44.9,
  "a7": 60.9,
  "a8": 92.9
 }
}
PHASE1 DONE 201s
