=== measured RQ/RV^2 at the five-minute equivalent ===
root   geom horizon   M  rq_over_rv2    excess  ratio_to_trigamma
  ES GLOBEX    1day 276     3.043509  2.043509           3.032495
  NQ GLOBEX    1day 276     3.606698  2.606698           3.593646
  ES    RTH    1day  78     1.506037  0.506037           1.486812
  ES    RTH      1h  12     0.933464 -0.066536           0.858012
  ES    RTH   30min   6     0.778286 -0.221714           0.656891
  NQ    RTH    1day  78     1.585652  0.585652           1.565411
  NQ    RTH      1h  12     0.937263 -0.062737           0.861504
  NQ    RTH   30min   6     0.781290 -0.218710           0.659426
  calib ES/GLOBEX H=0.05 target=3.0435 sigma_w=2.3032 got=3.0435 bracketed=True
  calib ES/GLOBEX H=0.10 target=3.0435 sigma_w=2.2800 got=3.0435 bracketed=True
  calib ES/GLOBEX H=0.20 target=3.0435 sigma_w=2.6066 got=3.0435 bracketed=True
  calib ES/GLOBEX H=0.30 target=3.0435 sigma_w=2.9203 got=3.0435 bracketed=True
  calib ES/GLOBEX H=0.45 target=3.0435 sigma_w=3.6022 got=3.0435 bracketed=True
  calib ES/GLOBEX H=0.50 target=3.0435 sigma_w=3.9806 got=3.0435 bracketed=True
  calib NQ/GLOBEX H=0.05 target=3.6067 sigma_w=2.5904 got=3.6067 bracketed=True
  calib NQ/GLOBEX H=0.10 target=3.6067 sigma_w=2.5517 got=3.6067 bracketed=True
  calib NQ/GLOBEX H=0.20 target=3.6067 sigma_w=2.8819 got=3.6067 bracketed=True
  calib NQ/GLOBEX H=0.30 target=3.6067 sigma_w=3.3582 got=3.6067 bracketed=True
  calib NQ/GLOBEX H=0.45 target=3.6067 sigma_w=4.4659 got=3.6067 bracketed=True
  calib NQ/GLOBEX H=0.50 target=3.6067 sigma_w=4.8047 got=3.6067 bracketed=True
  calib ES/RTH H=0.05 target=1.5060 sigma_w=1.6503 got=1.5060 bracketed=True
  calib ES/RTH H=0.10 target=1.5060 sigma_w=1.4952 got=1.5060 bracketed=True
  calib ES/RTH H=0.20 target=1.5060 sigma_w=1.6031 got=1.5060 bracketed=True
  calib ES/RTH H=0.30 target=1.5060 sigma_w=1.6964 got=1.5060 bracketed=True
  calib ES/RTH H=0.45 target=1.5060 sigma_w=1.8814 got=1.5060 bracketed=True
  calib ES/RTH H=0.50 target=1.5060 sigma_w=1.9641 got=1.5060 bracketed=True
  calib NQ/RTH H=0.05 target=1.5857 sigma_w=1.7531 got=1.5857 bracketed=True
  calib NQ/RTH H=0.10 target=1.5857 sigma_w=1.6399 got=1.5857 bracketed=True
  calib NQ/RTH H=0.20 target=1.5857 sigma_w=1.6403 got=1.5857 bracketed=True
  calib NQ/RTH H=0.30 target=1.5857 sigma_w=1.8008 got=1.5857 bracketed=True
  calib NQ/RTH H=0.45 target=1.5857 sigma_w=2.1753 got=1.5857 bracketed=True
  calib NQ/RTH H=0.50 target=1.5857 sigma_w=2.2459 got=1.5857 bracketed=True
  ES/GLOBEX H=0.05 sw=2.3032  b=-0.8976 sd=0.0974
  ES/GLOBEX H=0.10 sw=2.2800  b=-0.9263 sd=0.0719
  ES/GLOBEX H=0.20 sw=2.6066  b=-0.8495 sd=0.0392
  ES/GLOBEX H=0.30 sw=2.9203  b=-0.8916 sd=0.0456
  ES/GLOBEX H=0.45 sw=3.6022  b=-0.9013 sd=0.0336
  ES/GLOBEX H=0.50 sw=3.9806  b=-0.8586 sd=0.0536
  NQ/GLOBEX H=0.05 sw=2.5904  b=-0.9363 sd=0.1047
  NQ/GLOBEX H=0.10 sw=2.5517  b=-0.8598 sd=0.0748
  NQ/GLOBEX H=0.20 sw=2.8819  b=-0.8207 sd=0.1041
  NQ/GLOBEX H=0.30 sw=3.3582  b=-0.7960 sd=0.0823
  NQ/GLOBEX H=0.45 sw=4.4659  b=-0.8139 sd=0.0807
  NQ/GLOBEX H=0.50 sw=4.8047  b=-0.8415 sd=0.0321
  ES/RTH H=0.05 sw=1.6503  b=-1.0396 sd=0.0487
  ES/RTH H=0.10 sw=1.4952  b=-1.0004 sd=0.0820
  ES/RTH H=0.20 sw=1.6031  b=-1.0420 sd=0.0380
  ES/RTH H=0.30 sw=1.6964  b=-0.9529 sd=0.0603
  ES/RTH H=0.45 sw=1.8814  b=-1.0154 sd=0.0346
  ES/RTH H=0.50 sw=1.9641  b=-1.0444 sd=0.1001
  NQ/RTH H=0.05 sw=1.7531  b=-0.9901 sd=0.1033
  NQ/RTH H=0.10 sw=1.6399  b=-1.0502 sd=0.1102
  NQ/RTH H=0.20 sw=1.6403  b=-0.8939 sd=0.0831
  NQ/RTH H=0.30 sw=1.8008  b=-0.9585 sd=0.0506
  NQ/RTH H=0.45 sw=2.1753  b=-0.9820 sd=0.0818
  NQ/RTH H=0.50 sw=2.2459  b=-0.9393 sd=0.0820

{
 "ES/GLOBEX": {
  "H": [
   0.05,
   0.1,
   0.2,
   0.3,
   0.45,
   0.5
  ],
  "b_mean": [
   -0.8976350226377828,
   -0.9263427024121788,
   -0.8495478547570567,
   -0.8916006805861295,
   -0.9012595053423238,
   -0.8586133269384251
  ],
  "b_sd": [
   0.09737933347306664,
   0.07190874287411095,
   0.039181492588810915,
   0.04559864327886841,
   0.03364018139825813,
   0.053566596274525057
  ],
  "sigma_w": [
   2.3032048768699176,
   2.2799829635322095,
   2.6065675798952577,
   2.9202926112115386,
   3.602184229880572,
   3.9805722636282437
  ],
  "consecutive_diff": [
   -0.028707679774395922,
   0.07679484765512201,
   -0.04205282582907277,
   -0.009658824756194284,
   0.04264617840389873
  ],
  "pooled_seed_sd": [
   0.08559673442776225,
   0.05790533940502399,
   0.04251132572833113,
   0.04006805506498415,
   0.04472718435663972
  ],
  "monotonic": false,
  "separated": false,
  "total_range_of_b": 0.07679484765512201,
  "max_seed_sd": 0.09737933347306664,
  "any_in_observed_range": true,
  "invertible": false
 },
 "ES/RTH": {
  "H": [
   0.05,
   0.1,
   0.2,
   0.3,
   0.45,
   0.5
  ],
  "b_mean": [
   -1.039610649804622,
   -1.0004382202153288,
   -1.041990805479458,
   -0.9528999559464394,
   -1.0153743202284715,
   -1.044403684181973
  ],
  "b_sd": [
   0.048722706934059064,
   0.08202234363708757,
   0.03797329240116331,
   0.060328172244323804,
   0.034563077548803785,
   0.10007204670938297
  ],
  "sigma_w": [
   1.650273784607649,
   1.495183198481798,
   1.6030905067622663,
   1.696414750963449,
   1.881388389617205,
   1.9641432735025885
  ],
  "consecutive_diff": [
   0.039172429589293234,
   -0.041552585264129194,
   0.0890908495330186,
   -0.062474364282032124,
   -0.02902936395350153
  ],
  "pooled_seed_sd": [
   0.06745949535351821,
   0.06391258010558143,
   0.05040565098342173,
   0.04916347575174799,
   0.07486327825526194
  ],
  "monotonic": false,
  "separated": false,
  "total_range_of_b": 0.09150372823553365,
  "max_seed_sd": 0.10007204670938297,
  "any_in_observed_range": true,
  "invertible": false
 },
 "NQ/GLOBEX": {
  "H": [
   0.05,
   0.1,
   0.2,
   0.3,
   0.45,
   0.5
  ],
  "b_mean": [
   -0.9362920838858146,
   -0.8597905022885122,
   -0.8207068800696549,
   -0.7960224053479563,
   -0.8138751189775032,
   -0.8415035482478513
  ],
  "b_sd": [
   0.10466878642644524,
   0.07479945989269197,
   0.10412823670670407,
   0.08227783807658211,
   0.08069598185831635,
   0.0320816101364936
  ],
  "sigma_w": [
   2.5903979854285715,
   2.5517459287941455,
   2.88187941017747,
   3.3582282758057116,
   4.465884292930365,
   4.804715622335673
  ],
  "consecutive_diff": [
   0.07650158159730247,
   0.039083622218857306,
   0.024684474721698546,
   -0.01785271362954688,
   -0.027628429270348143
  ],
  "pooled_seed_sd": [
   0.09096843972560825,
   0.09065773237812048,
   0.0938411751796717,
   0.08149074832959256,
   0.0614046871054144
  ],
  "monotonic": false,
  "separated": false,
  "total_range_of_b": 0.14026967853785832,
  "max_seed_sd": 0.10466878642644524,
  "any_in_observed_range": true,
  "invertible": false
 },
 "NQ/RTH": {
  "H": [
   0.05,
   0.1,
   0.2,
   0.3,
   0.45,
   0.5
  ],
  "b_mean": [
   -0.9900556669738496,
   -1.0501606245920407,
   -0.8939146445451687,
   -0.9585300472552776,
   -0.9819860025884726,
   -0.9393195660124253
  ],
  "b_sd": [
   0.10327380944241589,
   0.11017068066580844,
   0.08314907835663146,
   0.050607585387094256,
   0.08181818110352836,
   0.08199203790882091
  ],
  "sigma_w": [
   1.7530667940080167,
   1.6399422071874143,
   1.6402818970382214,
   1.8008003694117072,
   2.17533488997817,
   2.245863799780608
  ],
  "consecutive_diff": [
   -0.060104957618191124,
   0.15624598004687207,
   -0.0646154027101089,
   -0.023455955333195,
   0.042666436576047295
  ],
  "pooled_seed_sd": [
   0.10677794387212175,
   0.09759955970680599,
   0.06882912512254269,
   0.06802698897423654,
   0.08190515563605044
  ],
  "monotonic": false,
  "separated": false,
  "total_range_of_b": 0.15624598004687207,
  "max_seed_sd": 0.11017068066580844,
  "any_in_observed_range": true,
  "invertible": false
 },
 "decision": "NOT SUPPORTED",
 "sigma_w_s10_assumed": 1.0099504938362078,
 "sigma_w_calibrated_range": [
  1.495183198481798,
  4.804715622335673
 ],
 "timers": {
  "measure": 5.7,
  "calibrate": 144.6,
  "sweep": 51.4
 }
}
PHASE6 DONE 202s
