  ES/GLOBEX/B0/1day          done
  ES/GLOBEX/B1/1day          done
  NQ/GLOBEX/B0/1day          done
  NQ/GLOBEX/B1/1day          done
  ES/RTH/B0/1day             done
  ES/RTH/B0/1h               done
  ES/RTH/B0/30min            done
  ES/RTH/B1/1day             done
  ES/RTH/B1/1h               done
  ES/RTH/B1/30min            done
  NQ/RTH/B0/1day             done
  NQ/RTH/B0/1h               done
  NQ/RTH/B0/30min            done
  NQ/RTH/B1/1day             done
  NQ/RTH/B1/1h               done
  NQ/RTH/B1/30min            done
  SPY/ARCX done
  SPY/XNAS done

             cell proxy  n_grid         b      b_lo      b_hi  b_trigamma_ref  ref_inside_95     rmse         cond  screen_tight
ES/GLOBEX/B0/1day    RV      10 -0.442672 -0.548451 -0.336676       -1.137675          False 0.049894    24.959504          True
ES/GLOBEX/B0/1day    RK      10 -0.601411 -0.717103 -0.499762       -1.137675          False 0.042877    48.293336          True
ES/GLOBEX/B0/1day  TSRV      10 -0.474562 -0.569750 -0.389609       -1.137675          False 0.059069    41.063788          True
ES/GLOBEX/B1/1day    RV      10 -0.442672 -0.556641 -0.344052       -1.137675          False 0.049894    24.959504          True
ES/GLOBEX/B1/1day    RK      10 -0.601411 -0.717407 -0.494041       -1.137675          False 0.042877    48.293336          True
ES/GLOBEX/B1/1day  TSRV      10 -0.474562 -0.568354 -0.393532       -1.137675          False 0.059069    41.063788          True
NQ/GLOBEX/B0/1day    RV      10 -0.688582 -0.803388 -0.569397       -1.137675          False 0.036475    38.985677          True
NQ/GLOBEX/B0/1day    RK      10 -0.526703 -0.651464 -0.424186       -1.137675          False 0.020138    42.788099          True
NQ/GLOBEX/B0/1day  TSRV      10 -0.581163 -0.708549 -0.472074       -1.137675          False 0.021586    52.735932          True
NQ/GLOBEX/B1/1day    RV      10 -0.688582 -0.808394 -0.578950       -1.137675          False 0.036475    38.985677          True
NQ/GLOBEX/B1/1day    RK      10 -0.526703 -0.643487 -0.422875       -1.137675          False 0.020138    42.788099          True
NQ/GLOBEX/B1/1day  TSRV      10 -0.581163 -0.709426 -0.477185       -1.137675          False 0.021586    52.735932          True
   ES/RTH/B0/1day    RV       8 -0.627444 -0.759023 -0.500814       -1.144373          False 0.029115    36.519380          True
   ES/RTH/B0/1day    RK       8 -0.713487 -0.928568 -0.551144       -1.144373          False 0.018733    60.801598          True
   ES/RTH/B0/1day  TSRV       8 -0.454950 -0.610952 -0.311718       -1.144373          False 0.061253    44.947359          True
     ES/RTH/B0/1h    RV       9 -0.465806 -0.531082 -0.399671       -1.209713          False 0.015093    37.399875          True
     ES/RTH/B0/1h    RK       9 -0.497994 -0.580974 -0.410493       -1.209713          False 0.044474    44.545815          True
     ES/RTH/B0/1h  TSRV       9 -0.476520 -0.587848 -0.368378       -1.209713          False 0.031405    51.221228          True
  ES/RTH/B0/30min    RV       5 -0.411108 -0.477972 -0.341039       -1.197101          False 0.004457    97.820491         False
  ES/RTH/B0/30min    RK       5 -0.088468 -0.402348 -0.000259       -1.197101          False 0.043915 14640.132805         False
  ES/RTH/B0/30min  TSRV       5 -0.327189 -0.523763 -0.131092       -1.197101          False 0.018542   277.814494         False
   ES/RTH/B1/1day    RV       8 -0.627444 -0.757425 -0.504419       -1.144373          False 0.029115    36.519380          True
   ES/RTH/B1/1day    RK       8 -0.713487 -0.912432 -0.553435       -1.144373          False 0.018733    60.801598          True
   ES/RTH/B1/1day  TSRV       8 -0.454950 -0.617754 -0.319283       -1.144373          False 0.061253    44.947359          True
     ES/RTH/B1/1h    RV       9 -0.465806 -0.529649 -0.401388       -1.209713          False 0.015093    37.399875          True
     ES/RTH/B1/1h    RK       9 -0.497994 -0.587259 -0.413395       -1.209713          False 0.044474    44.545815          True
     ES/RTH/B1/1h  TSRV       9 -0.476520 -0.586932 -0.370511       -1.209713          False 0.031405    51.221228          True
  ES/RTH/B1/30min    RV       5 -0.411108 -0.476270 -0.340867       -1.197101          False 0.004457    97.820491         False
  ES/RTH/B1/30min    RK       5 -0.088468 -0.402440 -0.000272       -1.197101          False 0.043915 14640.132805         False
  ES/RTH/B1/30min  TSRV       5 -0.327189 -0.516457 -0.132109       -1.197101          False 0.018542   277.814494         False
   NQ/RTH/B0/1day    RV       8 -0.974400 -1.127395 -0.834315       -1.144373          False 0.016250    70.470275          True
   NQ/RTH/B0/1day    RK       8 -0.728950 -0.871551 -0.602040       -1.144373          False 0.027800    64.568763          True
   NQ/RTH/B0/1day  TSRV       8 -0.585700 -0.772293 -0.439696       -1.144373          False 0.048445    57.534350          True
     NQ/RTH/B0/1h    RV       9 -0.803215 -0.897833 -0.713997       -1.209713          False 0.011876    48.374116          True
     NQ/RTH/B0/1h    RK       9 -0.490510 -0.581185 -0.400168       -1.209713          False 0.034972    44.042224          True
     NQ/RTH/B0/1h  TSRV       9 -0.569562 -0.673253 -0.465730       -1.209713          False 0.036686    53.366981          True
  NQ/RTH/B0/30min    RV       5 -0.700950 -0.793716 -0.608158       -1.197101          False 0.005302    73.862459         False
  NQ/RTH/B0/30min    RK       5 -0.406725 -0.548993 -0.268102       -1.197101          False 0.030067   128.083246         False
  NQ/RTH/B0/30min  TSRV       5 -0.438637 -0.607976 -0.281390       -1.197101          False 0.014204   118.075144         False
   NQ/RTH/B1/1day    RV       8 -0.974400 -1.134086 -0.827551       -1.144373          False 0.016250    70.470275          True
   NQ/RTH/B1/1day    RK       8 -0.728950 -0.875740 -0.592834       -1.144373          False 0.027800    64.568763          True
   NQ/RTH/B1/1day  TSRV       8 -0.585700 -0.761040 -0.437215       -1.144373          False 0.048445    57.534350          True
     NQ/RTH/B1/1h    RV       9 -0.803215 -0.896678 -0.712340       -1.209713          False 0.011876    48.374116          True
     NQ/RTH/B1/1h    RK       9 -0.490510 -0.576722 -0.401221       -1.209713          False 0.034972    44.042224          True
     NQ/RTH/B1/1h  TSRV       9 -0.569562 -0.675593 -0.466654       -1.209713          False 0.036686    53.366981          True
  NQ/RTH/B1/30min    RV       5 -0.700950 -0.799995 -0.615227       -1.197101          False 0.005302    73.862459         False
  NQ/RTH/B1/30min    RK       5 -0.406725 -0.542911 -0.262905       -1.197101          False 0.030067   128.083246         False
  NQ/RTH/B1/30min  TSRV       5 -0.438637 -0.599430 -0.278426       -1.197101          False 0.014204   118.075144         False
    SPY/ARCX/TICK    RV      15 -0.533257 -0.674110 -0.401033       -1.126190          False 0.055765    23.174298          True
    SPY/ARCX/TICK    RK      15 -0.605745 -0.720732 -0.507294       -1.126190          False 0.063344    37.747451          True
    SPY/ARCX/TICK  TSRV      15 -0.563954 -0.679077 -0.469078       -1.126190          False 0.086779    38.514026          True
    SPY/XNAS/TICK    RV      15 -0.598538 -0.752850 -0.453005       -1.126190          False 0.059002    27.324602          True
    SPY/XNAS/TICK    RK      15 -0.670591 -0.809432 -0.555787       -1.126190          False 0.076341    45.028199          True
    SPY/XNAS/TICK  TSRV      15 -0.534344 -0.650718 -0.430726       -1.126190          False 0.067788    36.078980          True

             cell        RK        RV      TSRV  RK_minus_RV  TSRV_minus_RV
ES/GLOBEX/B0/1day -0.601411 -0.442672 -0.474562    -0.158738      -0.031890
ES/GLOBEX/B1/1day -0.601411 -0.442672 -0.474562    -0.158738      -0.031890
   ES/RTH/B0/1day -0.713487 -0.627444 -0.454950    -0.086043       0.172494
     ES/RTH/B0/1h -0.497994 -0.465806 -0.476520    -0.032187      -0.010714
  ES/RTH/B0/30min -0.088468 -0.411108 -0.327189     0.322640       0.083919
   ES/RTH/B1/1day -0.713487 -0.627444 -0.454950    -0.086043       0.172494
     ES/RTH/B1/1h -0.497994 -0.465806 -0.476520    -0.032187      -0.010714
  ES/RTH/B1/30min -0.088468 -0.411108 -0.327189     0.322640       0.083919
NQ/GLOBEX/B0/1day -0.526703 -0.688582 -0.581163     0.161879       0.107419
NQ/GLOBEX/B1/1day -0.526703 -0.688582 -0.581163     0.161879       0.107419
   NQ/RTH/B0/1day -0.728950 -0.974400 -0.585700     0.245450       0.388700
     NQ/RTH/B0/1h -0.490510 -0.803215 -0.569562     0.312705       0.233653
  NQ/RTH/B0/30min -0.406725 -0.700950 -0.438637     0.294225       0.262313
   NQ/RTH/B1/1day -0.728950 -0.974400 -0.585700     0.245450       0.388700
     NQ/RTH/B1/1h -0.490510 -0.803215 -0.569562     0.312705       0.233653
  NQ/RTH/B1/30min -0.406725 -0.700950 -0.438637     0.294225       0.262313
    SPY/ARCX/TICK -0.605745 -0.533257 -0.563954    -0.072488      -0.030697
    SPY/XNAS/TICK -0.670591 -0.598538 -0.534344    -0.072052       0.064195

{
 "n_cells": 18,
 "n_fits": 54,
 "n_boot": 2000,
 "master": 20260825,
 "ref_inside_by_proxy": {
  "RV": 0,
  "RK": 0,
  "TSRV": 0
 },
 "n_by_proxy": {
  "RV": 18,
  "RK": 18,
  "TSRV": 18
 },
 "mean_b": {
  "RV": -0.6311196132994588,
  "RK": -0.5213795394315187,
  "TSRV": -0.49527021755808537
 },
 "mean_RK_minus_RV": 0.10974007386794019,
 "mean_TSRV_minus_RV": 0.13584939574137347,
 "n_RK_steeper": 8,
 "n_TSRV_steeper": 5,
 "n_cells_compared": 18,
 "screen_tight_by_proxy": {
  "RV": 14,
  "RK": 14,
  "TSRV": 14
 },
 "timers": {
  "phase7": 121.8
 }
}
PHASE7 DONE 122s
